Command: /home/sungwonjo/.espressif/python_env/idf6.0_py3.13_env/bin/python /home/sungwonjo/esp/esp-idf/tools/idf_monitor.py -p /dev/ttyUSB0 -b 115200 --toolchain-prefix xtensa-esp32-elf- --target esp32 --revision 0 /home/sungwonjo/esp-projects/ranging/build/hello_world.elf /home/sungwonjo/esp-projects/ranging/build/bootloader/bootloader.elf -m '/home/sungwonjo/.espressif/python_env/idf6.0_py3.13_env/bin/python' '/home/sungwonjo/esp/esp-idf/tools/idf.py' '-p' '/dev/ttyUSB0'
ets Jul 29 2019 12:21:46

rst:0x1 (POWERON_RESET),boot:0x17 (SPI_FAST_FLASH_BOOT)
configsip: 0, SPIWP:0xee
clk_drv:0x00,q_drv:0x00,d_drv:0x00,cs0_drv:0x00,hd_drv:0x00,wp_drv:0x00
mode:DIO, clock div:2
load:0x3fff0030,len:6376
load:0x40078000,len:15960
load:0x40080400,len:3932
entry 0x40080644
[0;32mI (27) boot: ESP-IDF v6.0-dev-1833-g758939caec-dirty 2nd stage bootloader[0m
[0;32mI (27) boot: compile time Aug 26 2025 17:04:45[0m
[0;32mI (28) boot: Multicore bootloader[0m
[0;32mI (31) boot: chip revision: v3.1[0m
[0;32mI (34) boot.esp32: SPI Speed      : 40MHz[0m
[0;32mI (37) boot.esp32: SPI Mode       : DIO[0m
[0;32mI (41) boot.esp32: SPI Flash Size : 2MB[0m
[0;32mI (45) boot: Enabling RNG early entropy source...[0m
[0;32mI (49) boot: Partition Table:[0m
[0;32mI (52) boot: ## Label            Usage          Type ST Offset   Length[0m
[0;32mI (58) boot:  0 nvs              WiFi data        01 02 00009000 00006000[0m
[0;32mI (65) boot:  1 phy_init         RF data          01 01 0000f000 00001000[0m
[0;32mI (71) boot:  2 factory          factory app      00 00 00010000 00100000[0m
[0;32mI (78) boot: End of partition table[0m
[0;32mI (81) esp_image: segment 0: paddr=00010020 vaddr=3f400020 size=0a04ch ( 41036) map[0m
[0;32mI (103) esp_image: segment 1: paddr=0001a074 vaddr=3ffb0000 size=026c0h (  9920) load[0m
[0;32mI (107) esp_image: segment 2: paddr=0001c73c vaddr=40080000 size=038dch ( 14556) load[0m
[0;32mI (113) esp_image: segment 3: paddr=00020020 vaddr=400d0020 size=16b20h ( 92960) map[0m
[0;32mI (147) esp_image: segment 4: paddr=00036b48 vaddr=400838dc size=097c8h ( 38856) load[0m
[0;32mI (163) esp_image: segment 5: paddr=00040318 vaddr=50000000 size=00024h (    36) load[0m
[0;32mI (170) boot: Loaded app from partition at offset 0x10000[0m
[0;32mI (170) boot: Disabling RNG early entropy source...[0m
[0;32mI (181) cpu_start: Multicore app[0m
[0;32mI (189) cpu_start: GPIO 3 and 1 are used as console UART I/O pins[0m
[0;32mI (190) cpu_start: Pro cpu start user code[0m
[0;32mI (190) cpu_start: cpu freq: 160000000 Hz[0m
[0;32mI (191) app_init: Application information:[0m
[0;32mI (195) app_init: Project name:     hello_world[0m
[0;32mI (200) app_init: App version:      1[0m
[0;32mI (203) app_init: Compile time:     Aug 26 2025 17:04:43[0m
[0;32mI (208) app_init: ELF file SHA256:  b997171f6...[0m
[0;32mI (212) app_init: ESP-IDF:          v6.0-dev-1833-g758939caec-dirty[0m
[0;32mI (218) efuse_init: Min chip rev:     v0.0[0m
[0;32mI (222) efuse_init: Max chip rev:     v3.99 [0m
[0;32mI (226) efuse_init: Chip rev:         v3.1[0m
[0;32mI (230) heap_init: Initializing. RAM available for dynamic allocation:[0m
[0;32mI (236) heap_init: At 3FFAE6E0 len 00001920 (6 KiB): DRAM[0m
[0;32mI (241) heap_init: At 3FFB3230 len 0002CDD0 (179 KiB): DRAM[0m
[0;32mI (247) heap_init: At 3FFE0440 len 00003AE0 (14 KiB): D/IRAM[0m
[0;32mI (252) heap_init: At 3FFE4350 len 0001BCB0 (111 KiB): D/IRAM[0m
[0;32mI (257) heap_init: At 4008D0A4 len 00012F5C (75 KiB): IRAM[0m
[0;32mI (264) spi_flash: detected chip: generic[0m
[0;32mI (266) spi_flash: flash io: dio[0m
[0;33mW (269) spi_flash: Detected size(16384k) larger than the size in the binary image header(2048k). Using the size in the binary image header.[0m
[0;32mI (283) main_task: Started on CPU0[0m
[0;32mI (293) main_task: Calling app_main()[0m
[0;32mI (293) DW3000: HW Init (RESET:3 WAKEUP:2 IRQ:22)[0m
[0;32mI (293) DW3000: SPI Init (MOSI:18 MISO:19 CLK:20 CS:17)[0m
[0;32mI (293) DW3000: HW reset[0m
[0;32mI (323) DECA: Decadriver source: DW3XXX Device Driver Version 08.02.02[0m
[0;32mI (323) DW3000: WAKEUP PIN[0m
[1;31mE (343) DECA: DWT Probe failed[0m
[0;32mI (343) DECA: config CH 9 6.8Mbps PRF 64MHz Plen 64 PAC 8[0m
[0;32mI (343) DECA: config code 11/11 SFD 65[0m
[0;32mI (343) DECA: PRE 66 (SFD 9) PHD 22 12B DATA 19 = 114 us[0m
Guru Meditation Error: Core  0 panic'ed (LoadProhibited). Exception was unhandled.

Core  0 register dump:
PC      : 0x400d6218  PS      : 0x00060c30  A0      : 0x800d4d4f  A1      : 0x3ffb4470  
A2      : 0x3ffb01c0  A3      : 0x00000001  A4      : 0x3f4037d8  A5      : 0x00000157  
A6      : 0x3f4034a8  A7      : 0x00000042  A8      : 0x00000000  A9      : 0x00000000  
A10     : 0x3ffb2e90  A11     : 0x3ffb01c0  A12     : 0x3ffb4450  A13     : 0x0000000c  
A14     : 0x00000002  A15     : 0x00000000  SAR     : 0x0000001c  EXCCAUSE: 0x0000001c  
EXCVADDR: 0x00000010  LBEG    : 0x400014fd  LEND    : 0x4000150d  LCOUNT  : 0xfffffffe  


Backtrace: 0x400d6215:0x3ffb4470 0x400d4d4c:0x3ffb4490 0x400d42b3:0x3ffb44e0 0x400d42eb:0x3ffb4500 0x400d3cc6:0x3ffb4520 0x400e4685:0x3ffb4550




ELF file SHA256: b997171f6

Rebooting...
ets Jul 29 2019 12:21:46

rst:0xc (SW_CPU_RESET),boot:0x17 (SPI_FAST_FLASH_BOOT)
configsip: 0, SPIWP:0xee
clk_drv:0x00,q_drv:0x00,d_drv:0x00,cs0_drv:0x00,hd_drv:0x00,wp_drv:0x00
mode:DIO, clock div:2
load:0x3fff0030,len:6376
load:0x40078000,len:15960
load:0x40080400,len:3932
entry 0x40080644
[0;32mI (27) boot: ESP-IDF v6.0-dev-1833-g758939caec-dirty 2nd stage bootloader[0m
[0;32mI (27) boot: compile time Aug 26 2025 17:04:45[0m
[0;32mI (27) boot: Multicore bootloader[0m
[0;32mI (31) boot: chip revision: v3.1[0m
[0;32mI (34) boot.esp32: SPI Speed      : 40MHz[0m
[0;32mI (37) boot.esp32: SPI Mode       : DIO[0m
[0;32mI (41) boot.esp32: SPI Flash Size : 2MB[0m
[0;32mI (45) boot: Enabling RNG early entropy source...[0m
[0;32mI (49) boot: Partition Table:[0m
[0;32mI (52) boot: ## Label            Usage          Type ST Offset   Length[0m
[0;32mI (58) boot:  0 nvs              WiFi data        01 02 00009000 00006000[0m
[0;32mI (64) boot:  1 phy_init         RF data          01 01 0000f000 00001000[0m
[0;32mI (71) boot:  2 factory          factory app      00 00 00010000 00100000[0m
[0;32mI (78) boot: End of partition table[0m
[0;32mI (81) esp_image: segment 0: paddr=00010020 vaddr=3f400020 size=0a04ch ( 41036) map[0m
[0;32mI (103) esp_image: segment 1: paddr=0001a074 vaddr=3ffb0000 size=026c0h (  9920) load[0m
[0;32mI (107) esp_image: segment 2: paddr=0001c73c vaddr=40080000 size=038dch ( 14556) load[0m
[0;32mI (113) esp_image: segment 3: paddr=00020020 vaddr=400d0020 size=16b20h ( 92960) map[0m
[0;32mI (147) esp_image: segment 4: paddr=00036b48 vaddr=400838dc size=097c8h ( 38856) load[0m
[0;32mI (163) esp_image: segment 5: paddr=00040318 vaddr=50000000 size=00024h (    36) load[0m
[0;32mI (170) boot: Loaded app from partition at offset 0x10000[0m
[0;32mI (170) boot: Disabling RNG early entropy source...[0m
[0;32mI (181) cpu_start: Multicore app[0m
[0;32mI (189) cpu_start: GPIO 3 and 1 are used as console UART I/O pins[0m
[0;32mI (190) cpu_start: Pro cpu start user code[0m
[0;32mI (190) cpu_start: cpu freq: 160000000 Hz[0m
[0;32mI (191) app_init: Application information:[0m
[0;32mI (195) app_init: Project name:     hello_world[0m
[0;32mI (199) app_init: App version:      1[0m
[0;32mI (203) app_init: Compile time:     Aug 26 2025 17:04:43[0m
[0;32mI (208) app_init: ELF file SHA256:  b997171f6...[0m
[0;32mI (212) app_init: ESP-IDF:          v6.0-dev-1833-g758939caec-dirty[0m
[0;32mI (218) efuse_init: Min chip rev:     v0.0[0m
[0;32mI (222) efuse_init: Max chip rev:     v3.99 [0m
[0;32mI (226) efuse_init: Chip rev:         v3.1[0m
[0;32mI (230) heap_init: Initializing. RAM available for dynamic allocation:[0m
[0;32mI (236) heap_init: At 3FFAE6E0 len 00001920 (6 KiB): DRAM[0m
[0;32mI (241) heap_init: At 3FFB3230 len 0002CDD0 (179 KiB): DRAM[0m
[0;32mI (247) heap_init: At 3FFE0440 len 00003AE0 (14 KiB): D/IRAM[0m
[0;32mI (252) heap_init: At 3FFE4350 len 0001BCB0 (111 KiB): D/IRAM[0m
[0;32mI (257) heap_init: At 4008D0A4 len 00012F5C (75 KiB): IRAM[0m
[0;32mI (264) spi_flash: detected chip: generic[0m
[0;32mI (266) spi_flash: flash io: dio[0m
[0;33mW (269) spi_flash: Detected size(16384k) larger than the size in the binary image header(2048k). Using the size in the binary image header.[0m
[0;32mI (283) main_task: Started on CPU0[0m
[0;32mI (293) main_task: Calling app_main()[0m
[0;32mI (293) DW3000: HW Init (RESET:3 WAKEUP:2 IRQ:22)[0m
[0;32mI (293) DW3000: SPI Init (MOSI:18 MISO:19 CLK:20 CS:17)[0m
[0;32mI (293) DW3000: HW reset[0m
[0;32mI (323) DECA: Decadriver source: DW3XXX Device Driver Version 08.02.02[0m
[0;32mI (323) DW3000: WAKEUP PIN[0m
[1;31mE (343) DECA: DWT Probe failed[0m
[0;32mI (343) DECA: config CH 9 6.8Mbps PRF 64MHz Plen 64 PAC 8[0m
[0;32mI (343) DECA: config code 11/11 SFD 65[0m
[0;32mI (343) DECA: PRE 66 (SFD 9) PHD 22 12B DATA 19 = 114 us[0m
Guru Meditation Error: Core  0 panic'ed (LoadProhibited). Exception was unhandled.

Core  0 register dump:
PC      : 0x400d6218  PS      : 0x00060c30  A0      : 0x800d4d4f  A1      : 0x3ffb4470  
A2      : 0x3ffb01c0  A3      : 0x00000001  A4      : 0x3f4037d8  A5      : 0x00000157  
A6      : 0x3f4034a8  A7      : 0x00000042  A8      : 0x00000000  A9      : 0x00000000  
A10     : 0x3ffb2e90  A11     : 0x3ffb01c0  A12     : 0x3ffb4450  A13     : 0x0000000c  
A14     : 0x00000002  A15     : 0x00000000  SAR     : 0x0000001c  EXCCAUSE: 0x0000001c  
EXCVADDR: 0x00000010  LBEG    : 0x400014fd  LEND    : 0x4000150d  LCOUNT  : 0xfffffffe  


Backtrace: 0x400d6215:0x3ffb4470 0x400d4d4c:0x3ffb4490 0x400d42b3:0x3ffb44e0 0x400d42eb:0x3ffb4500 0x400d3cc6:0x3ffb4520 0x400e4685:0x3ffb4550




ELF file SHA256: b997171f6

Rebooting...
ets Jul 29 2019 12:21:46

rst:0xc (SW_CPU_RESET),boot:0x17 (SPI_FAST_FLASH_BOOT)
configsip: 0, SPIWP:0xee
clk_drv:0x00,q_drv:0x00,d_drv:0x00,cs0_drv:0x00,hd_drv:0x00,wp_drv:0x00
mode:DIO, clock div:2
load:0x3fff0030,len:6376
load:0x40078000,len:15960
load:0x40080400,len:3932
entry 0x40080644
[0;32mI (27) boot: ESP-IDF v6.0-dev-1833-g758939caec-dirty 2nd stage bootloader[0m
[0;32mI (27) boot: compile time Aug 26 2025 17:04:45[0m
[0;32mI (27) boot: Multicore bootloader[0m
[0;32mI (31) boot: chip revision: v3.1[0m
[0;32mI (34) boot.esp32: SPI Speed      : 40MHz[0m
[0;32mI (37) boot.esp32: SPI Mode       : DIO[0m
[0;32mI (41) boot.esp32: SPI Flash Size : 2MB[0m
[0;32mI (45) boot: Enabling RNG early entropy source...[0m
[0;32mI (49) boot: Partition Table:[0m
[0;32mI (52) boot: ## Label            Usage          Type ST Offset   Length[0m
[0;32mI (58) boot:  0 nvs              WiFi data        01 02 00009000 00006000[0m
[0;32mI (64) boot:  1 phy_init         RF data          01 01 0000f000 00001000[0m
[0;32mI (71) boot:  2 factory          factory app      00 00 00010000 00100000[0m
[0;32mI (78) boot: End of partition table[0m
[0;32mI (81) esp_image: segment 0: paddr=00010020 vaddr=3f400020 size=0a04ch ( 41036) map[0m
[0;32mI (103) esp_image: segment 1: paddr=0001a074 vaddr=3ffb0000 size=026c0h (  9920) load[0m
[0;32mI (107) esp_image: segment 2: paddr=0001c73c vaddr=40080000 size=038dch ( 14556) load[0m
[0;32mI (113) esp_image: segment 3: paddr=00020020 vaddr=400d0020 size=16b20h ( 92960) map[0m
[0;32mI (147) esp_image: segment 4: paddr=00036b48 vaddr=400838dc size=097c8h ( 38856) load[0m
[0;32mI (163) esp_image: segment 5: paddr=00040318 vaddr=50000000 size=00024h (    36) load[0m
[0;32mI (170) boot: Loaded app from partition at offset 0x10000[0m
[0;32mI (170) boot: Disabling RNG early entropy source...[0m
[0;32mI (181) cpu_start: Multicore app[0m
[0;32mI (189) cpu_start: GPIO 3 and 1 are used as console UART I/O pins[0m
[0;32mI (190) cpu_start: Pro cpu start user code[0m
[0;32mI (190) cpu_start: cpu freq: 160000000 Hz[0m
[0;32mI (191) app_init: Application information:[0m
[0;32mI (195) app_init: Project name:     hello_world[0m
[0;32mI (199) app_init: App version:      1[0m
[0;32mI (203) app_init: Compile time:     Aug 26 2025 17:04:43[0m
[0;32mI (208) app_init: ELF file SHA256:  b997171f6...[0m
[0;32mI (212) app_init: ESP-IDF:          v6.0-dev-1833-g758939caec-dirty[0m
[0;32mI (218) efuse_init: Min chip rev:     v0.0[0m
[0;32mI (222) efuse_init: Max chip rev:     v3.99 [0m
[0;32mI (226) efuse_init: Chip rev:         v3.1[0m
[0;32mI (230) heap_init: Initializing. RAM available for dynamic allocation:[0m
[0;32mI (236) heap_init: At 3FFAE6E0 len 00001920 (6 KiB): DRAM[0m
[0;32mI (241) heap_init: At 3FFB3230 len 0002CDD0 (179 KiB): DRAM[0m
[0;32mI (247) heap_init: At 3FFE0440 len 00003AE0 (14 KiB): D/IRAM[0m
[0;32mI (252) heap_init: At 3FFE4350 len 0001BCB0 (111 KiB): D/IRAM[0m
[0;32mI (257) heap_init: At 4008D0A4 len 00012F5C (75 KiB): IRAM[0m
[0;32mI (264) spi_flash: detected chip: generic[0m
[0;32mI (266) spi_flash: flash io: dio[0m
[0;33mW (269) spi_flash: Detected size(16384k) larger than the size in the binary image header(2048k). Using the size in the binary image header.[0m
[0;32mI (283) main_task: Started on CPU0[0m
[0;32mI (293) main_task: Calling app_main()[0m
[0;32mI (293) DW3000: HW Init (RESET:3 WAKEUP:2 IRQ:22)[0m
[0;32mI (293) DW3000: SPI Init (MOSI:18 MISO:19 CLK:20 CS:17)[0m
[0;32mI (293) DW3000: HW reset[0m
[0;32mI (323) DECA: Decadriver source: DW3XXX Device Driver Version 08.02.02[0m
[0;32mI (323) DW3000: WAKEUP PIN[0m
[1;31mE (343) DECA: DWT Probe failed[0m
[0;32mI (343) DECA: config CH 9 6.8Mbps PRF 64MHz Plen 64 PAC 8[0m
[0;32mI (343) DECA: config code 11/11 SFD 65[0m
[0;32mI (343) DECA: PRE 66 (SFD 9) PHD 22 12B DATA 19 = 114 us[0m
Guru Meditation Error: Core  0 panic'ed (LoadProhibited). Exception was unhandled.

Core  0 register dump:
PC      : 0x400d6218  PS      : 0x00060c30  A0      : 0x800d4d4f  A1      : 0x3ffb4470  
A2      : 0x3ffb01c0  A3      : 0x00000001  A4      : 0x3f4037d8  A5      : 0x00000157  
A6      : 0x3f4034a8  A7      : 0x00000042  A8      : 0x00000000  A9      : 0x00000000  
A10     : 0x3ffb2e90  A11     : 0x3ffb01c0  A12     : 0x3ffb4450  A13     : 0x0000000c  
A14     : 0x00000002  A15     : 0x00000000  SAR     : 0x0000001c  EXCCAUSE: 0x0000001c  
EXCVADDR: 0x00000010  LBEG    : 0x400014fd  LEND    : 0x4000150d  LCOUNT  : 0xfffffffe  


Backtrace: 0x400d6215:0x3ffb4470 0x400d4d4c:0x3ffb4490 0x400d42b3:0x3ffb44e0 0x400d42eb:0x3ffb4500 0x400d3cc6:0x3ffb4520 0x400e4685:0x3ffb4550




ELF file SHA256: b997171f6

Rebooting...
ets Jul 29 2019 12:21:46

rst:0xc (SW_CPU_RESET),boot:0x17 (SPI_FAST_FLASH_BOOT)
configsip: 0, SPIWP:0xee
clk_drv:0x00,q_drv:0x00,d_drv:0x00,cs0_drv:0x00,hd_drv:0x00,wp_drv:0x00
mode:DIO, clock div:2
load:0x3fff0030,len:6376
load:0x40078000,len:15960
load:0x40080400,len:3932
entry 0x40080644
[0;32mI (27) boot: ESP-IDF v6.0-dev-1833-g758939caec-dirty 2nd stage bootloader[0m
[0;32mI (27) boot: compile time Aug 26 2025 17:04:45[0m
[0;32mI (27) boot: Multicore bootloader[0m
[0;32mI (31) boot: chip revision: v3.1[0m
[0;32mI (34) boot.esp32: SPI Speed      : 40MHz[0m
[0;32mI (37) boot.esp32: SPI Mode       : DIO[0m
[0;32mI (41) boot.esp32: SPI Flash Size : 2MB[0m
[0;32mI (45) boot: Enabling RNG early entropy source...[0m
[0;32mI (49) boot: Partition Table:[0m
[0;32mI (52) boot: ## Label            Usage          Type ST Offset   Length[0m
[0;32mI (58) boot:  0 nvs              WiFi data        01 02 00009000 00006000[0m
[0;32mI (64) boot:  1 phy_init         RF data          01 01 0000f000 00001000[0m
[0;32mI (71) boot:  2 factory          factory app      00 00 00010000 00100000[0m
[0;32mI (78) boot: End of partition table[0m
[0;32mI (81) esp_image: segment 0: paddr=00010020 vaddr=3f400020 size=0a04ch ( 41036) map[0m
[0;32mI (103) esp_image: segment 1: paddr=0001a074 vaddr=3ffb0000 size=026c0h (  9920) load[0m
[0;32mI (107) esp_image: segment 2: paddr=0001c73c vaddr=40080000 size=038dch ( 14556) load[0m
[0;32mI (113) esp_image: segment 3: paddr=00020020 vaddr=400d0020 size=16b20h ( 92960) map[0m
[0;32mI (147) esp_image: segment 4: paddr=00036b48 vaddr=400838dc size=097c8h ( 38856) load[0m
[0;32mI (163) esp_image: segment 5: paddr=00040318 vaddr=50000000 size=00024h (    36) load[0m
[0;32mI (170) boot: Loaded app from partition at offset 0x10000[0m
[0;32mI (170) boot: Disabling RNG early entropy source...[0m
[0;32mI (181) cpu_start: Multicore app[0m
[0;32mI (189) cpu_start: GPIO 3 and 1 are used as console UART I/O pins[0m
[0;32mI (190) cpu_start: Pro cpu start user code[0m
[0;32mI (190) cpu_start: cpu freq: 160000000 Hz[0m
[0;32mI (191) app_init: Application information:[0m
[0;32mI (195) app_init: Project name:     hello_world[0m
[0;32mI (199) app_init: App version:      1[0m
[0;32mI (203) app_init: Compile time:     Aug 26 2025 17:04:43[0m
[0;32mI (208) app_init: ELF file SHA256:  b997171f6...[0m
[0;32mI (212) app_init: ESP-IDF:          v6.0-dev-1833-g758939caec-dirty[0m
[0;32mI (218) efuse_init: Min chip rev:     v0.0[0m
[0;32mI (222) efuse_init: Max chip rev:     v3.99 [0m
[0;32mI (226) efuse_init: Chip rev:         v3.1[0m
[0;32mI (230) heap_init: Initializing. RAM available for dynamic allocation:[0m
[0;32mI (236) heap_init: At 3FFAE6E0 len 00001920 (6 KiB): DRAM[0m
[0;32mI (241) heap_init: At 3FFB3230 len 0002CDD0 (179 KiB): DRAM[0m
[0;32mI (247) heap_init: At 3FFE0440 len 00003AE0 (14 KiB): D/IRAM[0m
[0;32mI (252) heap_init: At 3FFE4350 len 0001BCB0 (111 KiB): D/IRAM[0m
[0;32mI (257) heap_init: At 4008D0A4 len 00012F5C (75 KiB): IRAM[0m
[0;32mI (264) spi_flash: detected chip: generic[0m
[0;32mI (266) spi_flash: flash io: dio[0m
[0;33mW (269) spi_flash: Detected size(16384k) larger than the size in the binary image header(2048k). Using the size in the binary image header.[0m
[0;32mI (283) main_task: Started on CPU0[0m
[0;32mI (293) main_task: Calling app_main()[0m
[0;32mI (293) DW3000: HW Init (RESET:3 WAKEUP:2 IRQ:22)[0m
[0;32mI (293) DW3000: SPI Init (MOSI:18 MISO:19 CLK:20 CS:17)[0m
[0;32mI (293) DW3000: HW reset[0m
[0;32mI (323) DECA: Decadriver source: DW3XXX Device Driver Version 08.02.02[0m
[0;32mI (323) DW3000: WAKEUP PIN[0m
[1;31mE (343) DECA: DWT Probe failed[0m
[0;32mI (343) DECA: config CH 9 6.8Mbps PRF 64MHz Plen 64 PAC 8[0m
[0;32mI (343) DECA: config code 11/11 SFD 65[0m
[0;32mI (343) DECA: PRE 66 (SFD 9) PHD 22 12B DATA 19 = 114 us[0m
Guru Meditation Error: Core  0 panic'ed (LoadProhibited). Exception was unhandled.

Core  0 register dump:
PC      : 0x400d6218  PS      : 0x00060c30  A0      : 0x800d4d4f  A1      : 0x3ffb4470  
A2      : 0x3ffb01c0  A3      : 0x00000001  A4      : 0x3f4037d8  A5      : 0x00000157  
A6      : 0x3f4034a8  A7      : 0x00000042  A8      : 0x00000000  A9      : 0x00000000  
A10     : 0x3ffb2e90  A11     : 0x3ffb01c0  A12     : 0x3ffb4450  A13     : 0x0000000c  
A14     : 0x00000002  A15     : 0x00000000  SAR     : 0x0000001c  EXCCAUSE: 0x0000001c  
EXCVADDR: 0x00000010  LBEG    : 0x400014fd  LEND    : 0x4000150d  LCOUNT  : 0xfffffffe  


Backtrace: 0x400d6215:0x3ffb4470 0x400d4d4c:0x3ffb4490 0x400d42b3:0x3ffb44e0 0x400d42eb:0x3ffb4500 0x400d3cc6:0x3ffb4520 0x400e4685:0x3ffb4550




ELF file SHA256: b997171f6

Rebooting...
ets Jul 29 2019 12:21:46

rst:0xc (SW_CPU_RESET),boot:0x17 (SPI_FAST_FLASH_BOOT)
configsip: 0, SPIWP:0xee
clk_drv:0x00,q_drv:0x00,d_drv:0x00,cs0_drv:0x00,hd_drv:0x00,wp_drv:0x00
mode:DIO, clock div:2
load:0x3fff0030,len:6376
load:0x40078000,len:15960
load:0x40080400,len:3932
entry 0x40080644
[0;32mI (27) boot: ESP-IDF v6.0-dev-1833-g758939caec-dirty 2nd stage bootloader[0m
[0;32mI (27) boot: compile time Aug 26 2025 17:04:45[0m
[0;32mI (27) boot: Multicore bootloader[0m
[0;32mI (31) boot: chip revision: v3.1[0m
[0;32mI (34) boot.esp32: SPI Speed      : 40MHz[0m
[0;32mI (37) boot.esp32: SPI Mode       : DIO[0m
[0;32mI (41) boot.esp32: SPI Flash Size : 2MB[0m
[0;32mI (45) boot: Enabling RNG early entropy source...[0m
[0;32mI (49) boot: Partition Table:[0m
[0;32mI (52) boot: ## Label            Usage          Type ST Offset   Length[0m
[0;32mI (58) boot:  0 nvs              WiFi data        01 02 00009000 00006000[0m
[0;32mI (64) boot:  1 phy_init         RF data          01 01 0000f000 00001000[0m
[0;32mI (71) boot:  2 factory          factory app      00 00 00010000 00100000[0m
[0;32mI (78) boot: End of partition table[0m
[0;32mI (81) esp_image: segment 0: paddr=00010020 vaddr=3f400020 size=0a04ch ( 41036) map[0m
[0;32mI (103) esp_image: segment 1: paddr=0001a074 vaddr=3ffb0000 size=026c0h (  9920) load[0m
[0;32mI (107) esp_image: segment 2: paddr=0001c73c vaddr=40080000 size=038dch ( 14556) load[0m
[0;32mI (113) esp_image: segment 3: paddr=00020020 vaddr=400d0020 size=16b20h ( 92960) map[0m
[0;32mI (147) esp_image: segment 4: paddr=00036b48 vaddr=400838dc size=097c8h ( 38856) load[0m
[0;32mI (163) esp_image: segment 5: paddr=00040318 vaddr=50000000 size=00024h (    36) load[0m
[0;32mI (170) boot: Loaded app from partition at offset 0x10000[0m
[0;32mI (170) boot: Disabling RNG early entropy source...[0m
[0;32mI (181) cpu_start: Multicore app[0m
[0;32mI (189) cpu_start: GPIO 3 and 1 are used as console UART I/O pins[0m
[0;32mI (190) cpu_start: Pro cpu start user code[0m
[0;32mI (190) cpu_start: cpu freq: 160000000 Hz[0m
[0;32mI (191) app_init: Application information:[0m
[0;32mI (195) app_init: Project name:     hello_world[0m
[0;32mI (199) app_init: App version:      1[0m
[0;32mI (203) app_init: Compile time:     Aug 26 2025 17:04:43[0m
[0;32mI (208) app_init: ELF file SHA256:  b997171f6...[0m
[0;32mI (212) app_init: ESP-IDF:          v6.0-dev-1833-g758939caec-dirty[0m
[0;32mI (218) efuse_init: Min chip rev:     v0.0[0m
[0;32mI (222) efuse_init: Max chip rev:     v3.99 [0m
[0;32mI (226) efuse_init: Chip rev:         v3.1[0m
[0;32mI (230) heap_init: Initializing. RAM available for dynamic allocation:[0m
[0;32mI (236) heap_init: At 3FFAE6E0 len 00001920 (6 KiB): DRAM[0m
[0;32mI (241) heap_init: At 3FFB3230 len 0002CDD0 (179 KiB): DRAM[0m
[0;32mI (247) heap_init: At 3FFE0440 len 00003AE0 (14 KiB): D/IRAM[0m
[0;32mI (252) heap_init: At 3FFE4350 len 0001BCB0 (111 KiB): D/IRAM[0m
[0;32mI (257) heap_init: At 4008D0A4 len 00012F5C (75 KiB): IRAM[0m
[0;32mI (264) spi_flash: detected chip: generic[0m
[0;32mI (266) spi_flash: flash io: dio[0m
[0;33mW (269) spi_flash: Detected size(16384k) larger than the size in the binary image header(2048k). Using the size in the binary image header.[0m
[0;32mI (283) main_task: Started on CPU0[0m
[0;32mI (293) main_task: Calling app_main()[0m
[0;32mI (293) DW3000: HW Init (RESET:3 WAKEUP:2 IRQ:22)[0m
[0;32mI (293) DW3000: SPI Init (MOSI:18 MISO:19 CLK:20 CS:17)[0m
[0;32mI (293) DW3000: HW reset[0m
[0;32mI (323) DECA: Decadriver source: DW3XXX Device Driver Version 08.02.02[0m
[0;32mI (323) DW3000: WAKEUP PIN[0m
[1;31mE (343) DECA: DWT Probe failed[0m
[0;32mI (343) DECA: config CH 9 6.8Mbps PRF 64MHz Plen 64 PAC 8[0m
[0;32mI (343) DECA: config code 11/11 SFD 65[0m
[0;32mI (343) DECA: PRE 66 (SFD 9) PHD 22 12B DATA 19 = 114 us[0m
Guru Meditation Error: Core  0 panic'ed (LoadProhibited). Exception was unhandled.

Core  0 register dump:
PC      : 0x400d6218  PS      : 0x00060c30  A0      : 0x800d4d4f  A1      : 0x3ffb4470  
A2      : 0x3ffb01c0  A3      : 0x00000001  A4      : 0x3f4037d8  A5      : 0x00000157  
A6      : 0x3f4034a8  A7      : 0x00000042  A8      : 0x00000000  A9      : 0x00000000  
A10     : 0x3ffb2e90  A11     : 0x3ffb01c0  A12     : 0x3ffb4450  A13     : 0x0000000c  
A14     : 0x00000002  A15     : 0x00000000  SAR     : 0x0000001c  EXCCAUSE: 0x0000001c  
EXCVADDR: 0x00000010  LBEG    : 0x400014fd  LEND    : 0x4000150d  LCOUNT  : 0xfffffffe  


Backtrace: 0x400d6215:0x3ffb4470 0x400d4d4c:0x3ffb4490 0x400d42b3:0x3ffb44e0 0x400d42eb:0x3ffb4500 0x400d3cc6:0x3ffb4520 0x400e4685:0x3ffb4550




ELF file SHA256: b997171f6

Rebooting...
ets Jul 29 2019 12:21:46

rst:0xc (SW_CPU_RESET),boot:0x17 (SPI_FAST_FLASH_BOOT)
configsip: 0, SPIWP:0xee
clk_drv:0x00,q_drv:0x00,d_drv:0x00,cs0_drv:0x00,hd_drv:0x00,wp_drv:0x00
mode:DIO, clock div:2
load:0x3fff0030,len:6376
load:0x40078000,len:15960
load:0x40080400,len:3932
entry 0x40080644
[0;32mI (27) boot: ESP-IDF v6.0-dev-1833-g758939caec-dirty 2nd stage bootloader[0m
[0;32mI (27) boot: compile time Aug 26 2025 17:04:45[0m
[0;32mI (27) boot: Multicore bootloader[0m
[0;32mI (31) boot: chip revision: v3.1[0m
[0;32mI (34) boot.esp32: SPI Speed      : 40MHz[0m
[0;32mI (37) boot.esp32: SPI Mode       : DIO[0m
[0;32mI (41) boot.esp32: SPI Flash Size : 2MB[0m
[0;32mI (45) boot: Enabling RNG early entropy source...[0m
[0;32mI (49) boot: Partition Table:[0m
[0;32mI (52) boot: ## Label            Usage          Type ST Offset   Length[0m
[0;32mI (58) boot:  0 nvs              WiFi data        01 02 00009000 00006000[0m
[0;32mI (64) boot:  1 phy_init         RF data          01 01 0000f000 00001000[0m
[0;32mI (71) boot:  2 factory          factory app      00 00 00010000 00100000[0m
[0;32mI (78) boot: End of partition table[0m
[0;32mI (81) esp_image: segment 0: paddr=00010020 vaddr=3f400020 size=0a04ch ( 41036) map[0m
[0;32mI (103) esp_image: segment 1: paddr=0001a074 vaddr=3ffb0000 size=026c0h (  9920) load[0m
[0;32mI (107) esp_image: segment 2: paddr=0001c73c vaddr=40080000 size=038dch ( 14556) load[0m
[0;32mI (113) esp_image: segment 3: paddr=00020020 vaddr=400d0020 size=16b20h ( 92960) map[0m
[0;32mI (147) esp_image: segment 4: paddr=00036b48 vaddr=400838dc size=097c8h ( 38856) load[0m
[0;32mI (163) esp_image: segment 5: paddr=00040318 vaddr=50000000 size=00024h (    36) load[0m
[0;32mI (170) boot: Loaded app from partition at offset 0x10000[0m
[0;32mI (170) boot: Disabling RNG early entropy source...[0m
[0;32mI (181) cpu_start: Multicore app[0m
[0;32mI (189) cpu_start: GPIO 3 and 1 are used as console UART I/O pins[0m
[0;32mI (190) cpu_start: Pro cpu start user code[0m
[0;32mI (190) cpu_start: cpu freq: 160000000 Hz[0m
[0;32mI (191) app_init: Application information:[0m
[0;32mI (195) app_init: Project name:     hello_world[0m
[0;32mI (199) app_init: App version:      1[0m
[0;32mI (203) app_init: Compile time:     Aug 26 2025 17:04:43[0m
[0;32mI (208) app_init: ELF file SHA256:  b997171f6...[0m
[0;32mI (212) app_init: ESP-IDF:          v6.0-dev-1833-g758939caec-dirty[0m
[0;32mI (218) efuse_init: Min chip rev:     v0.0[0m
[0;32mI (222) efuse_init: Max chip rev:     v3.99 [0m
[0;32mI (226) efuse_init: Chip rev:         v3.1[0m
[0;32mI (230) heap_init: Initializing. RAM available for dynamic allocation:[0m
[0;32mI (236) heap_init: At 3FFAE6E0 len 00001920 (6 KiB): DRAM[0m
[0;32mI (241) heap_init: At 3FFB3230 len 0002CDD0 (179 KiB): DRAM[0m
[0;32mI (246) heap_init: At 3FFE0440 len 00003AE0 (14 KiB): D/IRAM[0m
[0;32mI (252) heap_init: At 3FFE4350 len 0001BCB0 (111 KiB): D/IRAM[0m
[0;32mI (257) heap_init: At 4008D0A4 len 00012F5C (75 KiB): IRAM[0m
[0;32mI (264) spi_flash: detected chip: generic[0m
[0;32mI (266) spi_flash: flash io: dio[0m
[0;33mW (269) spi_flash: Detected size(16384k) larger than the size in the binary image header(2048k). Using the size in the binary image header.[0m
[0;32mI (283) main_task: Started on CPU0[0m
[0;32mI (293) main_task: Calling app_main()[0m
[0;32mI (293) DW3000: HW Init (RESET:3 WAKEUP:2 IRQ:22)[0m
[0;32mI (293) DW3000: SPI Init (MOSI:18 MISO:19 CLK:20 CS:17)[0m
[0;32mI (293) DW3000: HW reset[0m
[0;32mI (323) DECA: Decadriver source: DW3XXX Device Driver Version 08.02.02[0m
[0;32mI (323) DW3000: WAKEUP PIN[0m
[1;31mE (343) DECA: DWT Probe failed[0m
[0;32mI (343) DECA: config CH 9 6.8Mbps PRF 64MHz Plen 64 PAC 8[0m
[0;32mI (343) DECA: config code 11/11 SFD 65[0m
[0;32mI (343) DECA: PRE 66 (SFD 9) PHD 22 12B DATA 19 = 114 us[0m
Guru Meditation Error: Core  0 panic'ed (LoadProhibited). Exception was unhandled.

Core  0 register dump:
PC      : 0x400d6218  PS      : 0x00060c30  A0      : 0x800d4d4f  A1      : 0x3ffb4470  
A2      : 0x3ffb01c0  A3      : 0x00000001  A4      : 0x3f4037d8  A5      : 0x00000157  
A6      : 0x3f4034a8  A7      : 0x00000042  A8      : 0x00000000  A9      : 0x00000000  
A10     : 0x3ffb2e90  A11     : 0x3ffb01c0  A12     : 0x3ffb4450  A13     : 0x0000000c  
A14     : 0x00000002  A15     : 0x00000000  SAR     : 0x0000001c  EXCCAUSE: 0x0000001c  
EXCVADDR: 0x00000010  LBEG    : 0x400014fd  LEND    : 0x4000150d  LCOUNT  : 0xfffffffe  


Backtrace: 0x400d6215:0x3ffb4470 0x400d4d4c:0x3ffb4490 0x400d42b3:0x3ffb44e0 0x400d42eb:0x3ffb4500 0x400d3cc6:0x3ffb4520 0x400e4685:0x3ffb4550




ELF file SHA256: b997171f6

Rebooting...
ets Jul 29 2019 12:21:46

rst:0xc (SW_CPU_RESET),boot:0x17 (SPI_FAST_FLASH_BOOT)
configsip: 0, SPIWP:0xee
clk_drv:0x00,q_drv:0x00,d_drv:0x00,cs0_drv:0x00,hd_drv:0x00,wp_drv:0x00
mode:DIO, clock div:2
load:0x3fff0030,len:6376
load:0x40078000,len:15960
load:0x40080400,len:3932
entry 0x40080644
[0;32mI (27) boot: ESP-IDF v6.0-dev-1833-g758939caec-dirty 2nd stage bootloader[0m
[0;32mI (27) boot: compile time Aug 26 2025 17:04:45[0m
[0;32mI (27) boot: Multicore bootloader[0m
[0;32mI (31) boot: chip revision: v3.1[0m
[0;32mI (34) boot.esp32: SPI Speed      : 40MHz[0m
[0;32mI (37) boot.esp32: SPI Mode       : DIO[0m
[0;32mI (41) boot.esp32: SPI Flash Size : 2MB[0m
[0;32mI (45) boot: Enabling RNG early entropy source...[0m
[0;32mI (49) boot: Partition Table:[0m
[0;32mI (52) boot: ## Label            Usage          Type ST Offset   Length[0m
[0;32mI (58) boot:  0 nvs              WiFi data        01 02 00009000 00006000[0m
[0;32mI (64) boot:  1 phy_init         RF data          01 01 0000f000 00001000[0m
[0;32mI (71) boot:  2 factory          factory app      00 00 00010000 00100000[0m
[0;32mI (78) boot: End of partition table[0m
[0;32mI (81) esp_image: segment 0: paddr=00010020 vaddr=3f400020 size=0a04ch ( 41036) map[0m
[0;32mI (103) esp_image: segment 1: paddr=0001a074 vaddr=3ffb0000 size=026c0h (  9920) load[0m
[0;32mI (107) esp_image: segment 2: paddr=0001c73c vaddr=40080000 size=038dch ( 14556) load[0m
[0;32mI (113) esp_image: segment 3: paddr=00020020 vaddr=400d0020 size=16b20h ( 92960) map[0m
[0;32mI (147) esp_image: segment 4: paddr=00036b48 vaddr=400838dc size=097c8h ( 38856) load[0m
[0;32mI (163) esp_image: segment 5: paddr=00040318 vaddr=50000000 size=00024h (    36) load[0m
[0;32mI (170) boot: Loaded app from partition at offset 0x10000[0m
[0;32mI (170) boot: Disabling RNG early entropy source...[0m
[0;32mI (181) cpu_start: Multicore app[0m
[0;32mI (189) cpu_start: GPIO 3 and 1 are used as console UART I/O pins[0m
[0;32mI (190) cpu_start: Pro cpu start user code[0m
[0;32mI (190) cpu_start: cpu freq: 160000000 Hz[0m
[0;32mI (191) app_init: Application information:[0m
[0;32mI (195) app_init: Project name:     hello_world[0m
[0;32mI (199) app_init: App version:      1[0m
[0;32mI (203) app_init: Compile time:     Aug 26 2025 17:04:43[0m
[0;32mI (208) app_init: ELF file SHA256:  b997171f6...[0m
[0;32mI (212) app_init: ESP-IDF:          v6.0-dev-1833-g758939caec-dirty[0m
[0;32mI (218) efuse_init: Min chip rev:     v0.0[0m
[0;32mI (222) efuse_init: Max chip rev:     v3.99 [0m
[0;32mI (226) efuse_init: Chip rev:         v3.1[0m
[0;32mI (230) heap_init: Initializing. RAM available for dynamic allocation:[0m
[0;32mI (236) heap_init: At 3FFAE6E0 len 00001920 (6 KiB): DRAM[0m
[0;32mI (241) heap_init: At 3FFB3230 len 0002CDD0 (179 KiB): DRAM[0m
[0;32mI (247) heap_init: At 3FFE0440 len 00003AE0 (14 KiB): D/IRAM[0m
[0;32mI (252) heap_init: At 3FFE4350 len 0001BCB0 (111 KiB): D/IRAM[0m
[0;32mI (257) heap_init: At 4008D0A4 len 00012F5C (75 KiB): IRAM[0m
[0;32mI (264) spi_flash: detected chip: generic[0m
[0;32mI (266) spi_flash: flash io: dio[0m
[0;33mW (269) spi_flash: Detected size(16384k) larger than the size in the binary image header(2048k). Using the size in the binary image header.[0m
[0;32mI (283) main_task: Started on CPU0[0m
[0;32mI (293) main_task: Calling app_main()[0m
[0;32mI (293) DW3000: HW Init (RESET:3 WAKEUP:2 IRQ:22)[0m
[0;32mI (293) DW3000: SPI Init (MOSI:18 MISO:19 CLK:20 CS:17)[0m
[0;32mI (293) DW3000: HW reset[0m
[0;32mI (323) DECA: Decadriver source: DW3XXX Device Driver Version 08.02.02[0m
[0;32mI (323) DW3000: WAKEUP PIN[0m
[1;31mE (343) DECA: DWT Probe failed[0m
[0;32mI (343) DECA: config CH 9 6.8Mbps PRF 64MHz Plen 64 PAC 8[0m
[0;32mI (343) DECA: config code 11/11 SFD 65[0m
[0;32mI (343) DECA: PRE 66 (SFD 9) PHD 22 12B DATA 19 = 114 us[0m
Guru Meditation Error: Core  0 panic'ed (LoadProhibited). Exception was unhandled.

Core  0 register dump:
PC      : 0x400d6218  PS      : 0x00060c30  A0      : 0x800d4d4f  A1      : 0x3ffb4470  
A2      : 0x3ffb01c0  A3      : 0x00000001  A4      : 0x3f4037d8  A5      : 0x00000157  
A6      : 0x3f4034a8  A7      : 0x00000042  A8      : 0x00000000  A9      : 0x00000000  
A10     : 0x3ffb2e90  A11     : 0x3ffb01c0  A12     : 0x3ffb4450  A13     : 0x0000000c  
A14     : 0x00000002  A15     : 0x00000000  SAR     : 0x0000001c  EXCCAUSE: 0x0000001c  
EXCVADDR: 0x00000010  LBEG    : 0x400014fd  LEND    : 0x4000150d  LCOUNT  : 0xfffffffe  


Backtrace: 0x400d6215:0x3ffb4470 0x400d4d4c:0x3ffb4490 0x400d42b3:0x3ffb44e0 0x400d42eb:0x3ffb4500 0x400d3cc6:0x3ffb4520 0x400e4685:0x3ffb4550




ELF file SHA256: b997171f6

Rebooting...
ets Jul 29 2019 12:21:46

rst:0xc (SW_CPU_RESET),boot:0x17 (SPI_FAST_FLASH_BOOT)
configsip: 0, SPIWP:0xee
clk_drv:0x00,q_drv:0x00,d_drv:0x00,cs0_drv:0x00,hd_drv:0x00,wp_drv:0x00
mode:DIO, clock div:2
load:0x3fff0030,len:6376
load:0x40078000,len:15960
load:0x40080400,len:3932
entry 0x40080644
[0;32mI (27) boot: ESP-IDF v6.0-dev-1833-g758939caec-dirty 2nd stage bootloader[0m
[0;32mI (27) boot: compile time Aug 26 2025 17:04:45[0m
[0;32mI (27) boot: Multicore bootloader[0m
[0;32mI (31) boot: chip revision: v3.1[0m
[0;32mI (34) boot.esp32: SPI Speed      : 40MHz[0m
[0;32mI (37) boot.esp32: SPI Mode       : DIO[0m
[0;32mI (41) boot.esp32: SPI Flash Size : 2MB[0m
[0;32mI (45) boot: Enabling RNG early entropy source...[0m
[0;32mI (49) boot: Partition Table:[0m
[0;32mI (52) boot: ## Label            Usage          Type ST Offset   Length[0m
[0;32mI (58) boot:  0 nvs              WiFi data        01 02 00009000 00006000[0m
[0;32mI (64) boot:  1 phy_init         RF data          01 01 0000f000 00001000[0m
[0;32mI (71) boot:  2 factory          factory app      00 00 00010000 00100000[0m
[0;32mI (78) boot: End of partition table[0m
[0;32mI (81) esp_image: segment 0: paddr=00010020 vaddr=3f400020 size=0a04ch ( 41036) map[0m
[0;32mI (103) esp_image: segment 1: paddr=0001a074 vaddr=3ffb0000 size=026c0h (  9920) load[0m
[0;32mI (107) esp_image: segment 2: paddr=0001c73c vaddr=40080000 size=038dch ( 14556) load[0m
[0;32mI (113) esp_image: segment 3: paddr=00020020 vaddr=400d0020 size=16b20h ( 92960) map[0m
[0;32mI (147) esp_image: segment 4: paddr=00036b48 vaddr=400838dc size=097c8h ( 38856) load[0m
[0;32mI (163) esp_image: segment 5: paddr=00040318 vaddr=50000000 size=00024h (    36) load[0m
[0;32mI (170) boot: Loaded app from partition at offset 0x10000[0m
[0;32mI (170) boot: Disabling RNG early entropy source...[0m
[0;32mI (181) cpu_start: Multicore app[0m
[0;32mI (189) cpu_start: GPIO 3 and 1 are used as console UART I/O pins[0m
[0;32mI (190) cpu_start: Pro cpu start user code[0m
[0;32mI (190) cpu_start: cpu freq: 160000000 Hz[0m
[0;32mI (191) app_init: Application information:[0m
[0;32mI (195) app_init: Project name:     hello_world[0m
[0;32mI (199) app_init: App version:      1[0m
[0;32mI (203) app_init: Compile time:     Aug 26 2025 17:04:43[0m
[0;32mI (208) app_init: ELF file SHA256:  b997171f6...[0m
[0;32mI (212) app_init: ESP-IDF:          v6.0-dev-1833-g758939caec-dirty[0m
[0;32mI (218) efuse_init: Min chip rev:     v0.0[0m
[0;32mI (222) efuse_init: Max chip rev:     v3.99 [0m
[0;32mI (226) efuse_init: Chip rev:         v3.1[0m
[0;32mI (230) heap_init: Initializing. RAM available for dynamic allocation:[0m
[0;32mI (236) heap_init: At 3FFAE6E0 len 00001920 (6 KiB): DRAM[0m
[0;32mI (241) heap_init: At 3FFB3230 len 0002CDD0 (179 KiB): DRAM[0m
[0;32mI (247) heap_init: At 3FFE0440 len 00003AE0 (14 KiB): D/IRAM[0m
[0;32mI (252) heap_init: At 3FFE4350 len 0001BCB0 (111 KiB): D/IRAM[0m
[0;32mI (257) heap_init: At 4008D0A4 len 00012F5C (75 KiB): IRAM[0m
[0;32mI (264) spi_flash: detected chip: generic[0m
[0;32mI (266) spi_flash: flash io: dio[0m
[0;33mW (269) spi_flash: Detected size(16384k) larger than the size in the binary image header(2048k). Using the size in the binary image header.[0m
[0;32mI (283) main_task: Started on CPU0[0m
[0;32mI (293) main_task: Calling app_main()[0m
[0;32mI (293) DW3000: HW Init (RESET:3 WAKEUP:2 IRQ:22)[0m
[0;32mI (293) DW3000: SPI Init (MOSI:18 MISO:19 CLK:20 CS:17)[0m
[0;32mI (293) DW3000: HW reset[0m
[0;32mI (323) DECA: Decadriver source: DW3XXX Device Driver Version 08.02.02[0m
[0;32mI (323) DW3000: WAKEUP PIN[0m
[1;31mE (343) DECA: DWT Probe failed[0m
[0;32mI (343) DECA: config CH 9 6.8Mbps PRF 64MHz Plen 64 PAC 8[0m
[0;32mI (343) DECA: config code 11/11 SFD 65[0m
[0;32mI (343) DECA: PRE 66 (SFD 9) PHD 22 12B DATA 19 = 114 us[0m
Guru Meditation Error: Core  0 panic'ed (LoadProhibited). Exception was unhandled.

Core  0 register dump:
PC      : 0x400d6218  PS      : 0x00060c30  A0      : 0x800d4d4f  A1      : 0x3ffb4470  
A2      : 0x3ffb01c0  A3      : 0x00000001  A4      : 0x3f4037d8  A5      : 0x00000157  
A6      : 0x3f4034a8  A7      : 0x00000042  A8      : 0x00000000  A9      : 0x00000000  
A10     : 0x3ffb2e90  A11     : 0x3ffb01c0  A12     : 0x3ffb4450  A13     : 0x0000000c  
A14     : 0x00000002  A15     : 0x00000000  SAR     : 0x0000001c  EXCCAUSE: 0x0000001c  
EXCVADDR: 0x00000010  LBEG    : 0x400014fd  LEND    : 0x4000150d  LCOUNT  : 0xfffffffe  


Backtrace: 0x400d6215:0x3ffb4470 0x400d4d4c:0x3ffb4490 0x400d42b3:0x3ffb44e0 0x400d42eb:0x3ffb4500 0x400d3cc6:0x3ffb4520 0x400e4685:0x3ffb4550




ELF file SHA256: b997171f6

Rebooting...
ets Jul 29 2019 12:21:46

rst:0xc (SW_CPU_RESET),boot:0x17 (SPI_FAST_FLASH_BOOT)
configsip: 0, SPIWP:0xee
clk_drv:0x00,q_drv:0x00,d_drv:0x00,cs0_drv:0x00,hd_drv:0x00,wp_drv:0x00
mode:DIO, clock div:2
load:0x3fff0030,len:6376
load:0x40078000,len:15960
load:0x40080400,len:3932
entry 0x40080644
[0;32mI (27) boot: ESP-IDF v6.0-dev-1833-g758939caec-dirty 2nd stage bootloader[0m
[0;32mI (27) boot: compile time Aug 26 2025 17:04:45[0m
[0;32mI (27) boot: Multicore bootloader[0m
[0;32mI (31) boot: chip revision: v3.1[0m
[0;32mI (34) boot.esp32: SPI Speed      : 40MHz[0m
[0;32mI (37) boot.esp32: SPI Mode       : DIO[0m
[0;32mI (41) boot.esp32: SPI Flash Size : 2MB[0m
[0;32mI (45) boot: Enabling RNG early entropy source...[0m
[0;32mI (49) boot: Partition Table:[0m
[0;32mI (52) boot: ## Label            Usage          Type ST Offset   Length[0m
[0;32mI (58) boot:  0 nvs              WiFi data        01 02 00009000 00006000[0m
[0;32mI (64) boot:  1 phy_init         RF data          01 01 0000f000 00001000[0m
[0;32mI (71) boot:  2 factory          factory app      00 00 00010000 00100000[0m
[0;32mI (78) boot: End of partition table[0m
[0;32mI (81) esp_image: segment 0: paddr=00010020 vaddr=3f400020 size=0a04ch ( 41036) map[0m
[0;32mI (103) esp_image: segment 1: paddr=0001a074 vaddr=3ffb0000 size=026c0h (  9920) load[0m
[0;32mI (107) esp_image: segment 2: paddr=0001c73c vaddr=40080000 size=038dch ( 14556) load[0m
[0;32mI (113) esp_image: segment 3: paddr=00020020 vaddr=400d0020 size=16b20h ( 92960) map[0m
[0;32mI (147) esp_image: segment 4: paddr=00036b48 vaddr=400838dc size=097c8h ( 38856) load[0m
[0;32mI (163) esp_image: segment 5: paddr=00040318 vaddr=50000000 size=00024h (    36) load[0m
[0;32mI (170) boot: Loaded app from partition at offset 0x10000[0m
[0;32mI (170) boot: Disabling RNG early entropy source...[0m
[0;32mI (181) cpu_start: Multicore app[0m
[0;32mI (189) cpu_start: GPIO 3 and 1 are used as console UART I/O pins[0m
[0;32mI (190) cpu_start: Pro cpu start user code[0m
[0;32mI (190) cpu_start: cpu freq: 160000000 Hz[0m
[0;32mI (191) app_init: Application information:[0m
[0;32mI (195) app_init: Project name:     hello_world[0m
[0;32mI (199) app_init: App version:      1[0m
[0;32mI (203) app_init: Compile time:     Aug 26 2025 17:04:43[0m
[0;32mI (208) app_init: ELF file SHA256:  b997171f6...[0m
[0;32mI (212) app_init: ESP-IDF:          v6.0-dev-1833-g758939caec-dirty[0m
[0;32mI (218) efuse_init: Min chip rev:     v0.0[0m
[0;32mI (222) efuse_init: Max chip rev:     v3.99 [0m
[0;32mI (226) efuse_init: Chip rev:         v3.1[0m
[0;32mI (230) heap_init: Initializing. RAM available for dynamic allocation:[0m
[0;32mI (236) heap_init: At 3FFAE6E0 len 00001920 (6 KiB): DRAM[0m
[0;32mI (241) heap_init: At 3FFB3230 len 0002CDD0 (179 KiB): DRAM[0m
[0;32mI (246) heap_init: At 3FFE0440 len 00003AE0 (14 KiB): D/IRAM[0m
[0;32mI (252) heap_init: At 3FFE4350 len 0001BCB0 (111 KiB): D/IRAM[0m
[0;32mI (257) heap_init: At 4008D0A4 len 00012F5C (75 KiB): IRAM[0m
[0;32mI (264) spi_flash: detected chip: generic[0m
[0;32mI (266) spi_flash: flash io: dio[0m
[0;33mW (269) spi_flash: Detected size(16384k) larger than the size in the binary image header(2048k). Using the size in the binary image header.[0m
[0;32mI (283) main_task: Started on CPU0[0m
[0;32mI (293) main_task: Calling app_main()[0m
[0;32mI (293) DW3000: HW Init (RESET:3 WAKEUP:2 IRQ:22)[0m
[0;32mI (293) DW3000: SPI Init (MOSI:18 MISO:19 CLK:20 CS:17)[0m
[0;32mI (293) DW3000: HW reset[0m
[0;32mI (323) DECA: Decadriver source: DW3XXX Device Driver Version 08.02.02[0m
[0;32mI (323) DW3000: WAKEUP PIN[0m
[1;31mE (343) DECA: DWT Probe failed[0m
[0;32mI (343) DECA: config CH 9 6.8Mbps PRF 64MHz Plen 64 PAC 8[0m
[0;32mI (343) DECA: config code 11/11 SFD 65[0m
[0;32mI (343) DECA: PRE 66 (SFD 9) PHD 22 12B DATA 19 = 114 us[0m
Guru Meditation Error: Core  0 panic'ed (LoadProhibited). Exception was unhandled.

Core  0 register dump:
PC      : 0x400d6218  PS      : 0x00060c30  A0      : 0x800d4d4f  A1      : 0x3ffb4470  
A2      : 0x3ffb01c0  A3      : 0x00000001  A4      : 0x3f4037d8  A5      : 0x00000157  
A6      : 0x3f4034a8  A7      : 0x00000042  A8      : 0x00000000  A9      : 0x00000000  
A10     : 0x3ffb2e90  A11     : 0x3ffb01c0  A12     : 0x3ffb4450  A13     : 0x0000000c  
A14     : 0x00000002  A15     : 0x00000000  SAR     : 0x0000001c  EXCCAUSE: 0x0000001c  
EXCVADDR: 0x00000010  LBEG    : 0x400014fd  LEND    : 0x4000150d  LCOUNT  : 0xfffffffe  


Backtrace: 0x400d6215:0x3ffb4470 0x400d4d4c:0x3ffb4490 0x400d42b3:0x3ffb44e0 0x400d42eb:0x3ffb4500 0x400d3cc6:0x3ffb4520 0x400e4685:0x3ffb4550




ELF file SHA256: b997171f6

Rebooting...
ets Jul 29 2019 12:21:46

rst:0xc (SW_CPU_RESET),boot:0x17 (SPI_FAST_FLASH_BOOT)
configsip: 0, SPIWP:0xee
clk_drv:0x00,q_drv:0x00,d_drv:0x00,cs0_drv:0x00,hd_drv:0x00,wp_drv:0x00
mode:DIO, clock div:2
load:0x3fff0030,len:6376
load:0x40078000,len:15960
load:0x40080400,len:3932
entry 0x40080644
[0;32mI (27) boot: ESP-IDF v6.0-dev-1833-g758939caec-dirty 2nd stage bootloader[0m
[0;32mI (27) boot: compile time Aug 26 2025 17:04:45[0m
[0;32mI (27) boot: Multicore bootloader[0m
[0;32mI (31) boot: chip revision: v3.1[0m
[0;32mI (34) boot.esp32: SPI Speed      : 40MHz[0m
[0;32mI (37) boot.esp32: SPI Mode       : DIO[0m
[0;32mI (41) boot.esp32: SPI Flash Size : 2MB[0m
[0;32mI (45) boot: Enabling RNG early entropy source...[0m
[0;32mI (49) boot: Partition Table:[0m
[0;32mI (52) boot: ## Label            Usage          Type ST Offset   Length[0m
[0;32mI (58) boot:  0 nvs              WiFi data        01 02 00009000 00006000[0m
[0;32mI (64) boot:  1 phy_init         RF data          01 01 0000f000 00001000[0m
[0;32mI (71) boot:  2 factory          factory app      00 00 00010000 00100000[0m
[0;32mI (78) boot: End of partition table[0m
[0;32mI (81) esp_image: segment 0: paddr=00010020 vaddr=3f400020 size=0a04ch ( 41036) map[0m
[0;32mI (103) esp_image: segment 1: paddr=0001a074 vaddr=3ffb0000 size=026c0h (  9920) load[0m
[0;32mI (107) esp_image: segment 2: paddr=0001c73c vaddr=40080000 size=038dch ( 14556) load[0m
[0;32mI (113) esp_image: segment 3: paddr=00020020 vaddr=400d0020 size=16b20h ( 92960) map[0m
[0;32mI (147) esp_image: segment 4: paddr=00036b48 vaddr=400838dc size=097c8h ( 38856) load[0m
[0;32mI (163) esp_image: segment 5: paddr=00040318 vaddr=50000000 size=00024h (    36) load[0m
[0;32mI (170) boot: Loaded app from partition at offset 0x10000[0m
[0;32mI (170) boot: Disabling RNG early entropy source...[0m
[0;32mI (181) cpu_start: Multicore app[0m
[0;32mI (189) cpu_start: GPIO 3 and 1 are used as console UART I/O pins[0m
[0;32mI (190) cpu_start: Pro cpu start user code[0m
[0;32mI (190) cpu_start: cpu freq: 160000000 Hz[0m
[0;32mI (191) app_init: Application information:[0m
[0;32mI (195) app_init: Project name:     hello_world[0m
[0;32mI (199) app_init: App version:      1[0m
[0;32mI (203) app_init: Compile time:     Aug 26 2025 17:04:43[0m
[0;32mI (208) app_init: ELF file SHA256:  b997171f6...[0m
[0;32mI (212) app_init: ESP-IDF:          v6.0-dev-1833-g758939caec-dirty[0m
[0;32mI (218) efuse_init: Min chip rev:     v0.0[0m
[0;32mI (222) efuse_init: Max chip rev:     v3.99 [0m
[0;32mI (226) efuse_init: Chip rev:         v3.1[0m
[0;32mI (230) heap_init: Initializing. RAM available for dynamic allocation:[0m
[0;32mI (236) heap_init: At 3FFAE6E0 len 00001920 (6 KiB): DRAM[0m
[0;32mI (241) heap_init: At 3FFB3230 len 0002CDD0 (179 KiB): DRAM[0m
[0;32mI (246) heap_init: At 3FFE0440 len 00003AE0 (14 KiB): D/IRAM[0m
[0;32mI (252) heap_init: At 3FFE4350 len 0001BCB0 (111 KiB): D/IRAM[0m
[0;32mI (257) heap_init: At 4008D0A4 len 00012F5C (75 KiB): IRAM[0m
[0;32mI (264) spi_flash: detected chip: generic[0m
[0;32mI (266) spi_flash: flash io: dio[0m
[0;33mW (269) spi_flash: Detected size(16384k) larger than the size in the binary image header(2048k). Using the size in the binary image header.[0m
[0;32mI (283) main_task: Started on CPU0[0m
[0;32mI (293) main_task: Calling app_main()[0m
[0;32mI (293) DW3000: HW Init (RESET:3 WAKEUP:2 IRQ:22)[0m
[0;32mI (293) DW3000: SPI Init (MOSI:18 MISO:19 CLK:20 CS:17)[0m
[0;32mI (293) DW3000: HW reset[0m
[0;32mI (323) DECA: Decadriver source: DW3XXX Device Driver Version 08.02.02[0m
[0;32mI (323) DW3000: WAKEUP PIN[0m
[1;31mE (343) DECA: DWT Probe failed[0m
[0;32mI (343) DECA: config CH 9 6.8Mbps PRF 64MHz Plen 64 PAC 8[0m
[0;32mI (343) DECA: config code 11/11 SFD 65[0m
[0;32mI (343) DECA: PRE 66 (SFD 9) PHD 22 12B DATA 19 = 114 us[0m
Guru Meditation Error: Core  0 panic'ed (LoadProhibited). Exception was unhandled.

Core  0 register dump:
PC      : 0x400d6218  PS      : 0x00060c30  A0      : 0x800d4d4f  A1      : 0x3ffb4470  
A2      : 0x3ffb01c0  A3      : 0x00000001  A4      : 0x3f4037d8  A5      : 0x00000157  
A6      : 0x3f4034a8  A7      : 0x00000042  A8      : 0x00000000  A9      : 0x00000000  
A10     : 0x3ffb2e90  A11     : 0x3ffb01c0  A12     : 0x3ffb4450  A13     : 0x0000000c  
A14     : 0x00000002  A15     : 0x00000000  SAR     : 0x0000001c  EXCCAUSE: 0x0000001c  
EXCVADDR: 0x00000010  LBEG    : 0x400014fd  LEND    : 0x4000150d  LCOUNT  : 0xfffffffe  


Backtrace: 0x400d6215:0x3ffb4470 0x400d4d4c:0x3ffb4490 0x400d42b3:0x3ffb44e0 0x400d42eb:0x3ffb4500 0x400d3cc6:0x3ffb4520 0x400e4685:0x3ffb4550




ELF file SHA256: b997171f6

Rebooting...
ets Jul 29 2019 12:21:46

rst:0xc (SW_CPU_RESET),boot:0x17 (SPI_FAST_FLASH_BOOT)
configsip: 0, SPIWP:0xee
clk_drv:0x00,q_drv:0x00,d_drv:0x00,cs0_drv:0x00,hd_drv:0x00,wp_drv:0x00
mode:DIO, clock div:2
load:0x3fff0030,len:6376
load:0x40078000,len:15960
load:0x40080400,len:3932
entry 0x40080644
[0;32mI (27) boot: ESP-IDF v6.0-dev-1833-g758939caec-dirty 2nd stage bootloader[0m
[0;32mI (27) boot: compile time Aug 26 2025 17:04:45[0m
[0;32mI (27) boot: Multicore bootloader[0m
[0;32mI (31) boot: chip revision: v3.1[0m
[0;32mI (34) boot.esp32: SPI Speed      : 40MHz[0m
[0;32mI (37) boot.esp32: SPI Mode       : DIO[0m
[0;32mI (41) boot.esp32: SPI Flash Size : 2MB[0m
[0;32mI (45) boot: Enabling RNG early entropy source...[0m
[0;32mI (49) boot: Partition Table:[0m
[0;32mI (52) boot: ## Label            Usage          Type ST Offset   Length[0m
[0;32mI (58) boot:  0 nvs              WiFi data        01 02 00009000 00006000[0m
[0;32mI (64) boot:  1 phy_init         RF data          01 01 0000f000 00001000[0m
[0;32mI (71) boot:  2 factory          factory app      00 00 00010000 00100000[0m
[0;32mI (78) boot: End of partition table[0m
[0;32mI (81) esp_image: segment 0: paddr=00010020 vaddr=3f400020 size=0a04ch ( 41036) map[0m
[0;32mI (103) esp_image: segment 1: paddr=0001a074 vaddr=3ffb0000 size=026c0h (  9920) load[0m
[0;32mI (107) esp_image: segment 2: paddr=0001c73c vaddr=40080000 size=038dch ( 14556) load[0m
[0;32mI (113) esp_image: segment 3: paddr=00020020 vaddr=400d0020 size=16b20h ( 92960) map[0m
[0;32mI (147) esp_image: segment 4: paddr=00036b48 vaddr=400838dc size=097c8h ( 38856) load[0m
[0;32mI (163) esp_image: segment 5: paddr=00040318 vaddr=50000000 size=00024h (    36) load[0m
[0;32mI (170) boot: Loaded app from partition at offset 0x10000[0m
[0;32mI (170) boot: Disabling RNG early entropy source...[0m
[0;32mI (181) cpu_start: Multicore app[0m
[0;32mI (189) cpu_start: GPIO 3 and 1 are used as console UART I/O pins[0m
[0;32mI (190) cpu_start: Pro cpu start user code[0m
[0;32mI (190) cpu_start: cpu freq: 160000000 Hz[0m
[0;32mI (191) app_init: Application information:[0m
[0;32mI (195) app_init: Project name:     hello_world[0m
[0;32mI (199) app_init: App version:      1[0m
[0;32mI (203) app_init: Compile time:     Aug 26 2025 17:04:43[0m
[0;32mI (208) app_init: ELF file SHA256:  b997171f6...[0m
[0;32mI (212) app_init: ESP-IDF:          v6.0-dev-1833-g758939caec-dirty[0m
[0;32mI (218) efuse_init: Min chip rev:     v0.0[0m
[0;32mI (222) efuse_init: Max chip rev:     v3.99 [0m
[0;32mI (226) efuse_init: Chip rev:         v3.1[0m
[0;32mI (230) heap_init: Initializing. RAM available for dynamic allocation:[0m
[0;32mI (236) heap_init: At 3FFAE6E0 len 00001920 (6 KiB): DRAM[0m
[0;32mI (241) heap_init: At 3FFB3230 len 0002CDD0 (179 KiB): DRAM[0m
[0;32mI (247) heap_init: At 3FFE0440 len 00003AE0 (14 KiB): D/IRAM[0m
[0;32mI (252) heap_init: At 3FFE4350 len 0001BCB0 (111 KiB): D/IRAM[0m
[0;32mI (257) heap_init: At 4008D0A4 len 00012F5C (75 KiB): IRAM[0m
[0;32mI (264) spi_flash: detected chip: generic[0m
[0;32mI (266) spi_flash: flash io: dio[0m
[0;33mW (269) spi_flash: Detected size(16384k) larger than the size in the binary image header(2048k). Using the size in the binary image header.[0m
[0;32mI (283) main_task: Started on CPU0[0m
[0;32mI (293) main_task: Calling app_main()[0m
[0;32mI (293) DW3000: HW Init (RESET:3 WAKEUP:2 IRQ:22)[0m
[0;32mI (293) DW3000: SPI Init (MOSI:18 MISO:19 CLK:20 CS:17)[0m
[0;32mI (293) DW3000: HW reset[0m
[0;32mI (323) DECA: Decadriver source: DW3XXX Device Driver Version 08.02.02[0m
[0;32mI (323) DW3000: WAKEUP PIN[0m
[1;31mE (343) DECA: DWT Probe failed[0m
[0;32mI (343) DECA: config CH 9 6.8Mbps PRF 64MHz Plen 64 PAC 8[0m
[0;32mI (343) DECA: config code 11/11 SFD 65[0m
[0;32mI (343) DECA: PRE 66 (SFD 9) PHD 22 12B DATA 19 = 114 us[0m
Guru Meditation Error: Core  0 panic'ed (LoadProhibited). Exception was unhandled.

Core  0 register dump:
PC      : 0x400d6218  PS      : 0x00060c30  A0      : 0x800d4d4f  A1      : 0x3ffb4470  
A2      : 0x3ffb01c0  A3      : 0x00000001  A4      : 0x3f4037d8  A5      : 0x00000157  
A6      : 0x3f4034a8  A7      : 0x00000042  A8      : 0x00000000  A9      : 0x00000000  
A10     : 0x3ffb2e90  A11     : 0x3ffb01c0  A12     : 0x3ffb4450  A13     : 0x0000000c  
A14     : 0x00000002  A15     : 0x00000000  SAR     : 0x0000001c  EXCCAUSE: 0x0000001c  
EXCVADDR: 0x00000010  LBEG    : 0x400014fd  LEND    : 0x4000150d  LCOUNT  : 0xfffffffe  


Backtrace: 0x400d6215:0x3ffb4470 0x400d4d4c:0x3ffb4490 0x400d42b3:0x3ffb44e0 0x400d42eb:0x3ffb4500 0x400d3cc6:0x3ffb4520 0x400e4685:0x3ffb4550




ELF file SHA256: b997171f6

Rebooting...
ets Jul 29 2019 12:21:46

rst:0xc (SW_CPU_RESET),boot:0x17 (SPI_FAST_FLASH_BOOT)
configsip: 0, SPIWP:0xee
clk_drv:0x00,q_drv:0x00,d_drv:0x00,cs0_drv:0x00,hd_drv:0x00,wp_drv:0x00
mode:DIO, clock div:2
load:0x3fff0030,len:6376
load:0x40078000,len:15960
load:0x40080400,len:3932
entry 0x40080644
[0;32mI (27) boot: ESP-IDF v6.0-dev-1833-g758939caec-dirty 2nd stage bootloader[0m
[0;32mI (27) boot: compile time Aug 26 2025 17:04:45[0m
[0;32mI (27) boot: Multicore bootloader[0m
[0;32mI (31) boot: chip revision: v3.1[0m
[0;32mI (34) boot.esp32: SPI Speed      : 40MHz[0m
[0;32mI (37) boot.esp32: SPI Mode       : DIO[0m
[0;32mI (41) boot.esp32: SPI Flash Size : 2MB[0m
[0;32mI (45) boot: Enabling RNG early entropy source...[0m
[0;32mI (49) boot: Partition Table:[0m
[0;32mI (52) boot: ## Label            Usage          Type ST Offset   Length[0m
[0;32mI (58) boot:  0 nvs              WiFi data        01 02 00009000 00006000[0m
[0;32mI (64) boot:  1 phy_init         RF data          01 01 0000f000 00001000[0m
[0;32mI (71) boot:  2 factory          factory app      00 00 00010000 00100000[0m
[0;32mI (78) boot: End of partition table[0m
[0;32mI (81) esp_image: segment 0: paddr=00010020 vaddr=3f400020 size=0a04ch ( 41036) map[0m
[0;32mI (103) esp_image: segment 1: paddr=0001a074 vaddr=3ffb0000 size=026c0h (  9920) load[0m
[0;32mI (107) esp_image: segment 2: paddr=0001c73c vaddr=40080000 size=038dch ( 14556) load[0m
[0;32mI (113) esp_image: segment 3: paddr=00020020 vaddr=400d0020 size=16b20h ( 92960) map[0m
[0;32mI (147) esp_image: segment 4: paddr=00036b48 vaddr=400838dc size=097c8h ( 38856) load[0m
[0;32mI (163) esp_image: segment 5: paddr=00040318 vaddr=50000000 size=00024h (    36) load[0m
[0;32mI (170) boot: Loaded app from partition at offset 0x10000[0m
[0;32mI (170) boot: Disabling RNG early entropy source...[0m
[0;32mI (181) cpu_start: Multicore app[0m
[0;32mI (189) cpu_start: GPIO 3 and 1 are used as console UART I/O pins[0m
[0;32mI (190) cpu_start: Pro cpu start user code[0m
[0;32mI (190) cpu_start: cpu freq: 160000000 Hz[0m
[0;32mI (191) app_init: Application information:[0m
[0;32mI (195) app_init: Project name:     hello_world[0m
[0;32mI (199) app_init: App version:      1[0m
[0;32mI (203) app_init: Compile time:     Aug 26 2025 17:04:43[0m
[0;32mI (208) app_init: ELF file SHA256:  b997171f6...[0m
[0;32mI (212) app_init: ESP-IDF:          v6.0-dev-1833-g758939caec-dirty[0m
[0;32mI (218) efuse_init: Min chip rev:     v0.0[0m
[0;32mI (222) efuse_init: Max chip rev:     v3.99 [0m
[0;32mI (226) efuse_init: Chip rev:         v3.1[0m
[0;32mI (230) heap_init: Initializing. RAM available for dynamic allocation:[0m
[0;32mI (236) heap_init: At 3FFAE6E0 len 00001920 (6 KiB): DRAM[0m
[0;32mI (241) heap_init: At 3FFB3230 len 0002CDD0 (179 KiB): DRAM[0m
[0;32mI (247) heap_init: At 3FFE0440 len 00003AE0 (14 KiB): D/IRAM[0m
[0;32mI (252) heap_init: At 3FFE4350 len 0001BCB0 (111 KiB): D/IRAM[0m
[0;32mI (257) heap_init: At 4008D0A4 len 00012F5C (75 KiB): IRAM[0m
[0;32mI (264) spi_flash: detected chip: generic[0m
[0;32mI (266) spi_flash: flash io: dio[0m
[0;33mW (269) spi_flash: Detected size(16384k) larger than the size in the binary image header(2048k). Using the size in the binary image header.[0m
[0;32mI (283) main_task: Started on CPU0[0m
[0;32mI (293) main_task: Calling app_main()[0m
[0;32mI (293) DW3000: HW Init (RESET:3 WAKEUP:2 IRQ:22)[0m
[0;32mI (293) DW3000: SPI Init (MOSI:18 MISO:19 CLK:20 CS:17)[0m
[0;32mI (293) DW3000: HW reset[0m
[0;32mI (323) DECA: Decadriver source: DW3XXX Device Driver Version 08.02.02[0m
[0;32mI (323) DW3000: WAKEUP PIN[0m
[1;31mE (343) DECA: DWT Probe failed[0m
[0;32mI (343) DECA: config CH 9 6.8Mbps PRF 64MHz Plen 64 PAC 8[0m
[0;32mI (343) DECA: config code 11/11 SFD 65[0m
[0;32mI (343) DECA: PRE 66 (SFD 9) PHD 22 12B DATA 19 = 114 us[0m
Guru Meditation Error: Core  0 panic'ed (LoadProhibited). Exception was unhandled.

Core  0 register dump:
PC      : 0x400d6218  PS      : 0x00060c30  A0      : 0x800d4d4f  A1      : 0x3ffb4470  
A2      : 0x3ffb01c0  A3      : 0x00000001  A4      : 0x3f4037d8  A5      : 0x00000157  
A6      : 0x3f4034a8  A7      : 0x00000042  A8      : 0x00000000  A9      : 0x00000000  
A10     : 0x3ffb2e90  A11     : 0x3ffb01c0  A12     : 0x3ffb4450  A13     : 0x0000000c  
A14     : 0x00000002  A15     : 0x00000000  SAR     : 0x0000001c  EXCCAUSE: 0x0000001c  
EXCVADDR: 0x00000010  LBEG    : 0x400014fd  LEND    : 0x4000150d  LCOUNT  : 0xfffffffe  


Backtrace: 0x400d6215:0x3ffb4470 0x400d4d4c:0x3ffb4490 0x400d42b3:0x3ffb44e0 0x400d42eb:0x3ffb4500 0x400d3cc6:0x3ffb4520 0x400e4685:0x3ffb4550




ELF file SHA256: b997171f6

Rebooting...
ets Jul 29 2019 12:21:46

rst:0xc (SW_CPU_RESET),boot:0x17 (SPI_FAST_FLASH_BOOT)
configsip: 0, SPIWP:0xee
clk_drv:0x00,q_drv:0x00,d_drv:0x00,cs0_drv:0x00,hd_drv:0x00,wp_drv:0x00
mode:DIO, clock div:2
load:0x3fff0030,len:6376
load:0x40078000,len:15960
load:0x40080400,len:3932
entry 0x40080644
[0;32mI (27) boot: ESP-IDF v6.0-dev-1833-g758939caec-dirty 2nd stage bootloader[0m
[0;32mI (27) boot: compile time Aug 26 2025 17:04:45[0m
[0;32mI (27) boot: Multicore bootloader[0m
[0;32mI (31) boot: chip revision: v3.1[0m
[0;32mI (34) boot.esp32: SPI Speed      : 40MHz[0m
[0;32mI (37) boot.esp32: SPI Mode       : DIO[0m
[0;32mI (41) boot.esp32: SPI Flash Size : 2MB[0m
[0;32mI (45) boot: Enabling RNG early entropy source...[0m
[0;32mI (49) boot: Partition Table:[0m
[0;32mI (52) boot: ## Label            Usage          Type ST Offset   Length[0m
[0;32mI (58) boot:  0 nvs              WiFi data        01 02 00009000 00006000[0m
[0;32mI (64) boot:  1 phy_init         RF data          01 01 0000f000 00001000[0m
[0;32mI (71) boot:  2 factory          factory app      00 00 00010000 00100000[0m
[0;32mI (78) boot: End of partition table[0m
[0;32mI (81) esp_image: segment 0: paddr=00010020 vaddr=3f400020 size=0a04ch ( 41036) map[0m
[0;32mI (103) esp_image: segment 1: paddr=0001a074 vaddr=3ffb0000 size=026c0h (  9920) load[0m
[0;32mI (107) esp_image: segment 2: paddr=0001c73c vaddr=40080000 size=038dch ( 14556) load[0m
[0;32mI (113) esp_image: segment 3: paddr=00020020 vaddr=400d0020 size=16b20h ( 92960) map[0m
[0;32mI (147) esp_image: segment 4: paddr=00036b48 vaddr=400838dc size=097c8h ( 38856) load[0m
[0;32mI (163) esp_image: segment 5: paddr=00040318 vaddr=50000000 size=00024h (    36) load[0m
[0;32mI (170) boot: Loaded app from partition at offset 0x10000[0m
[0;32mI (170) boot: Disabling RNG early entropy source...[0m
[0;32mI (181) cpu_start: Multicore app[0m
[0;32mI (189) cpu_start: GPIO 3 and 1 are used as console UART I/O pins[0m
[0;32mI (190) cpu_start: Pro cpu start user code[0m
[0;32mI (190) cpu_start: cpu freq: 160000000 Hz[0m
[0;32mI (191) app_init: Application information:[0m
[0;32mI (195) app_init: Project name:     hello_world[0m
[0;32mI (199) app_init: App version:      1[0m
[0;32mI (203) app_init: Compile time:     Aug 26 2025 17:04:43[0m
[0;32mI (208) app_init: ELF file SHA256:  b997171f6...[0m
[0;32mI (212) app_init: ESP-IDF:          v6.0-dev-1833-g758939caec-dirty[0m
[0;32mI (218) efuse_init: Min chip rev:     v0.0[0m
[0;32mI (222) efuse_init: Max chip rev:     v3.99 [0m
[0;32mI (226) efuse_init: Chip rev:         v3.1[0m
[0;32mI (230) heap_init: Initializing. RAM available for dynamic allocation:[0m
[0;32mI (236) heap_init: At 3FFAE6E0 len 00001920 (6 KiB): DRAM[0m
[0;32mI (241) heap_init: At 3FFB3230 len 0002CDD0 (179 KiB): DRAM[0m
[0;32mI (246) heap_init: At 3FFE0440 len 00003AE0 (14 KiB): D/IRAM[0m
[0;32mI (252) heap_init: At 3FFE4350 len 0001BCB0 (111 KiB): D/IRAM[0m
[0;32mI (257) heap_init: At 4008D0A4 len 00012F5C (75 KiB): IRAM[0m
[0;32mI (264) spi_flash: detected chip: generic[0m
[0;32mI (266) spi_flash: flash io: dio[0m
[0;33mW (269) spi_flash: Detected size(16384k) larger than the size in the binary image header(2048k). Using the size in the binary image header.[0m
[0;32mI (283) main_task: Started on CPU0[0m
[0;32mI (293) main_task: Calling app_main()[0m
[0;32mI (293) DW3000: HW Init (RESET:3 WAKEUP:2 IRQ:22)[0m
[0;32mI (293) DW3000: SPI Init (MOSI:18 MISO:19 CLK:20 CS:17)[0m
[0;32mI (293) DW3000: HW reset[0m
[0;32mI (323) DECA: Decadriver source: DW3XXX Device Driver Version 08.02.02[0m
[0;32mI (323) DW3000: WAKEUP PIN[0m
[1;31mE (343) DECA: DWT Probe failed[0m
[0;32mI (343) DECA: config CH 9 6.8Mbps PRF 64MHz Plen 64 PAC 8[0m
[0;32mI (343) DECA: config code 11/11 SFD 65[0m
[0;32mI (343) DECA: PRE 66 (SFD 9) PHD 22 12B DATA 19 = 114 us[0m
Guru Meditation Error: Core  0 panic'ed (LoadProhibited). Exception was unhandled.

Core  0 register dump:
PC      : 0x400d6218  PS      : 0x00060c30  A0      : 0x800d4d4f  A1      : 0x3ffb4470  
A2      : 0x3ffb01c0  A3      : 0x00000001  A4      : 0x3f4037d8  A5      : 0x00000157  
A6      : 0x3f4034a8  A7      : 0x00000042  A8      : 0x00000000  A9      : 0x00000000  
A10     : 0x3ffb2e90  A11     : 0x3ffb01c0  A12     : 0x3ffb4450  A13     : 0x0000000c  
A14     : 0x00000002  A15     : 0x00000000  SAR     : 0x0000001c  EXCCAUSE: 0x0000001c  
EXCVADDR: 0x00000010  LBEG    : 0x400014fd  LEND    : 0x4000150d  LCOUNT  : 0xfffffffe  


Backtrace: 0x400d6215:0x3ffb4470 0x400d4d4c:0x3ffb4490 0x400d42b3:0x3ffb44e0 0x400d42eb:0x3ffb4500 0x400d3cc6:0x3ffb4520 0x400e4685:0x3ffb4550




ELF file SHA256: b997171f6

Rebooting...
ets Jul 29 2019 12:21:46

rst:0xc (SW_CPU_RESET),boot:0x17 (SPI_FAST_FLASH_BOOT)
configsip: 0, SPIWP:0xee
clk_drv:0x00,q_drv:0x00,d_drv:0x00,cs0_drv:0x00,hd_drv:0x00,wp_drv:0x00
mode:DIO, clock div:2
load:0x3fff0030,len:6376
load:0x40078000,len:15960
load:0x40080400,len:3932
entry 0x40080644
[0;32mI (27) boot: ESP-IDF v6.0-dev-1833-g758939caec-dirty 2nd stage bootloader[0m
[0;32mI (27) boot: compile time Aug 26 2025 17:04:45[0m
[0;32mI (27) boot: Multicore bootloader[0m
[0;32mI (31) boot: chip revision: v3.1[0m
[0;32mI (34) boot.esp32: SPI Speed      : 40MHz[0m
[0;32mI (37) boot.esp32: SPI Mode       : DIO[0m
[0;32mI (41) boot.esp32: SPI Flash Size : 2MB[0m
[0;32mI (45) boot: Enabling RNG early entropy source...[0m
[0;32mI (49) boot: Partition Table:[0m
[0;32mI (52) boot: ## Label            Usage          Type ST Offset   Length[0m
[0;32mI (58) boot:  0 nvs              WiFi data        01 02 00009000 00006000[0m
[0;32mI (64) boot:  1 phy_init         RF data          01 01 0000f000 00001000[0m
[0;32mI (71) boot:  2 factory          factory app      00 00 00010000 00100000[0m
[0;32mI (78) boot: End of partition table[0m
[0;32mI (81) esp_image: segment 0: paddr=00010020 vaddr=3f400020 size=0a04ch ( 41036) map[0m
[0;32mI (103) esp_image: segment 1: paddr=0001a074 vaddr=3ffb0000 size=026c0h (  9920) load[0m
[0;32mI (107) esp_image: segment 2: paddr=0001c73c vaddr=40080000 size=038dch ( 14556) load[0m
[0;32mI (113) esp_image: segment 3: paddr=00020020 vaddr=400d0020 size=16b20h ( 92960) map[0m
[0;32mI (147) esp_image: segment 4: paddr=00036b48 vaddr=400838dc size=097c8h ( 38856) load[0m
[0;32mI (163) esp_image: segment 5: paddr=00040318 vaddr=50000000 size=00024h (    36) load[0m
[0;32mI (170) boot: Loaded app from partition at offset 0x10000[0m
[0;32mI (170) boot: Disabling RNG early entropy source...[0m
[0;32mI (181) cpu_start: Multicore app[0m
[0;32mI (189) cpu_start: GPIO 3 and 1 are used as console UART I/O pins[0m
[0;32mI (190) cpu_start: Pro cpu start user code[0m
[0;32mI (190) cpu_start: cpu freq: 160000000 Hz[0m
[0;32mI (191) app_init: Application information:[0m
[0;32mI (195) app_init: Project name:     hello_world[0m
[0;32mI (199) app_init: App version:      1[0m
[0;32mI (203) app_init: Compile time:     Aug 26 2025 17:04:43[0m
[0;32mI (208) app_init: ELF file SHA256:  b997171f6...[0m
[0;32mI (212) app_init: ESP-IDF:          v6.0-dev-1833-g758939caec-dirty[0m
[0;32mI (218) efuse_init: Min chip rev:     v0.0[0m
[0;32mI (222) efuse_init: Max chip rev:     v3.99 [0m
[0;32mI (226) efuse_init: Chip rev:         v3.1[0m
[0;32mI (230) heap_init: Initializing. RAM available for dynamic allocation:[0m
[0;32mI (236) heap_init: At 3FFAE6E0 len 00001920 (6 KiB): DRAM[0m
[0;32mI (241) heap_init: At 3FFB3230 len 0002CDD0 (179 KiB): DRAM[0m
[0;32mI (247) heap_init: At 3FFE0440 len 00003AE0 (14 KiB): D/IRAM[0m
[0;32mI (252) heap_init: At 3FFE4350 len 0001BCB0 (111 KiB): D/IRAM[0m
[0;32mI (257) heap_init: At 4008D0A4 len 00012F5C (75 KiB): IRAM[0m
[0;32mI (264) spi_flash: detected chip: generic[0m
[0;32mI (266) spi_flash: flash io: dio[0m
[0;33mW (269) spi_flash: Detected size(16384k) larger than the size in the binary image header(2048k). Using the size in the binary image header.[0m
[0;32mI (283) main_task: Started on CPU0[0m
[0;32mI (293) main_task: Calling app_main()[0m
[0;32mI (293) DW3000: HW Init (RESET:3 WAKEUP:2 IRQ:22)[0m
[0;32mI (293) DW3000: SPI Init (MOSI:18 MISO:19 CLK:20 CS:17)[0m
[0;32mI (293) DW3000: HW reset[0m
[0;32mI (323) DECA: Decadriver source: DW3XXX Device Driver Version 08.02.02[0m
[0;32mI (323) DW3000: WAKEUP PIN[0m
[1;31mE (343) DECA: DWT Probe failed[0m
[0;32mI (343) DECA: config CH 9 6.8Mbps PRF 64MHz Plen 64 PAC 8[0m
[0;32mI (343) DECA: config code 11/11 SFD 65[0m
[0;32mI (343) DECA: PRE 66 (SFD 9) PHD 22 12B DATA 19 = 114 us[0m
Guru Meditation Error: Core  0 panic'ed (LoadProhibited). Exception was unhandled.

Core  0 register dump:
PC      : 0x400d6218  PS      : 0x00060c30  A0      : 0x800d4d4f  A1      : 0x3ffb4470  
A2      : 0x3ffb01c0  A3      : 0x00000001  A4      : 0x3f4037d8  A5      : 0x00000157  
A6      : 0x3f4034a8  A7      : 0x00000042  A8      : 0x00000000  A9      : 0x00000000  
A10     : 0x3ffb2e90  A11     : 0x3ffb01c0  A12     : 0x3ffb4450  A13     : 0x0000000c  
A14     : 0x00000002  A15     : 0x00000000  SAR     : 0x0000001c  EXCCAUSE: 0x0000001c  
EXCVADDR: 0x00000010  LBEG    : 0x400014fd  LEND    : 0x4000150d  LCOUNT  : 0xfffffffe  


Backtrace: 0x400d6215:0x3ffb4470 0x400d4d4c:0x3ffb4490 0x400d42b3:0x3ffb44e0 0x400d42eb:0x3ffb4500 0x400d3cc6:0x3ffb4520 0x400e4685:0x3ffb4550




ELF file SHA256: b997171f6

Rebooting...
ets Jul 29 2019 12:21:46

rst:0xc (SW_CPU_RESET),boot:0x17 (SPI_FAST_FLASH_BOOT)
configsip: 0, SPIWP:0xee
clk_drv:0x00,q_drv:0x00,d_drv:0x00,cs0_drv:0x00,hd_drv:0x00,wp_drv:0x00
mode:DIO, clock div:2
load:0x3fff0030,len:6376
load:0x40078000,len:15960
load:0x40080400,len:3932
entry 0x40080644
[0;32mI (27) boot: ESP-IDF v6.0-dev-1833-g758939caec-dirty 2nd stage bootloader[0m
[0;32mI (27) boot: compile time Aug 26 2025 17:04:45[0m
[0;32mI (27) boot: Multicore bootloader[0m
[0;32mI (31) boot: chip revision: v3.1[0m
[0;32mI (34) boot.esp32: SPI Speed      : 40MHz[0m
[0;32mI (37) boot.esp32: SPI Mode       : DIO[0m
[0;32mI (41) boot.esp32: SPI Flash Size : 2MB[0m
[0;32mI (45) boot: Enabling RNG early entropy source...[0m
[0;32mI (49) boot: Partition Table:[0m
[0;32mI (52) boot: ## Label            Usage          Type ST Offset   Length[0m
[0;32mI (58) boot:  0 nvs              WiFi data        01 02 00009000 00006000[0m
[0;32mI (64) boot:  1 phy_init         RF data          01 01 0000f000 00001000[0m
[0;32mI (71) boot:  2 factory          factory app      00 00 00010000 00100000[0m
[0;32mI (78) boot: End of partition table[0m
[0;32mI (81) esp_image: segment 0: paddr=00010020 vaddr=3f400020 size=0a04ch ( 41036) map[0m
[0;32mI (103) esp_image: segment 1: paddr=0001a074 vaddr=3ffb0000 size=026c0h (  9920) load[0m
[0;32mI (107) esp_image: segment 2: paddr=0001c73c vaddr=40080000 size=038dch ( 14556) load[0m
[0;32mI (113) esp_image: segment 3: paddr=00020020 vaddr=400d0020 size=16b20h ( 92960) map[0m
[0;32mI (147) esp_image: segment 4: paddr=00036b48 vaddr=400838dc size=097c8h ( 38856) load[0m
[0;32mI (163) esp_image: segment 5: paddr=00040318 vaddr=50000000 size=00024h (    36) load[0m
[0;32mI (170) boot: Loaded app from partition at offset 0x10000[0m
[0;32mI (170) boot: Disabling RNG early entropy source...[0m
[0;32mI (181) cpu_start: Multicore app[0m
[0;32mI (189) cpu_start: GPIO 3 and 1 are used as console UART I/O pins[0m
[0;32mI (190) cpu_start: Pro cpu start user code[0m
[0;32mI (190) cpu_start: cpu freq: 160000000 Hz[0m
[0;32mI (191) app_init: Application information:[0m
[0;32mI (195) app_init: Project name:     hello_world[0m
[0;32mI (199) app_init: App version:      1[0m
[0;32mI (203) app_init: Compile time:     Aug 26 2025 17:04:43[0m
[0;32mI (208) app_init: ELF file SHA256:  b997171f6...[0m
[0;32mI (212) app_init: ESP-IDF:          v6.0-dev-1833-g758939caec-dirty[0m
[0;32mI (218) efuse_init: Min chip rev:     v0.0[0m
[0;32mI (222) efuse_init: Max chip rev:     v3.99 [0m
[0;32mI (226) efuse_init: Chip rev:         v3.1[0m
[0;32mI (230) heap_init: Initializing. RAM available for dynamic allocation:[0m
[0;32mI (236) heap_init: At 3FFAE6E0 len 00001920 (6 KiB): DRAM[0m
[0;32mI (241) heap_init: At 3FFB3230 len 0002CDD0 (179 KiB): DRAM[0m
[0;32mI (246) heap_init: At 3FFE0440 len 00003AE0 (14 KiB): D/IRAM[0m
[0;32mI (252) heap_init: At 3FFE4350 len 0001BCB0 (111 KiB): D/IRAM[0m
[0;32mI (257) heap_init: At 4008D0A4 len 00012F5C (75 KiB): IRAM[0m
[0;32mI (264) spi_flash: detected chip: generic[0m
[0;32mI (266) spi_flash: flash io: dio[0m
[0;33mW (269) spi_flash: Detected size(16384k) larger than the size in the binary image header(2048k). Using the size in the binary image header.[0m
[0;32mI (283) main_task: Started on CPU0[0m
[0;32mI (293) main_task: Calling app_main()[0m
[0;32mI (293) DW3000: HW Init (RESET:3 WAKEUP:2 IRQ:22)[0m
[0;32mI (293) DW3000: SPI Init (MOSI:18 MISO:19 CLK:20 CS:17)[0m
[0;32mI (293) DW3000: HW reset[0m
[0;32mI (323) DECA: Decadriver source: DW3XXX Device Driver Version 08.02.02[0m
[0;32mI (323) DW3000: WAKEUP PIN[0m
[1;31mE (343) DECA: DWT Probe failed[0m
[0;32mI (343) DECA: config CH 9 6.8Mbps PRF 64MHz Plen 64 PAC 8[0m
[0;32mI (343) DECA: config code 11/11 SFD 65[0m
[0;32mI (343) DECA: PRE 66 (SFD 9) PHD 22 12B DATA 19 = 114 us[0m
Guru Meditation Error: Core  0 panic'ed (LoadProhibited). Exception was unhandled.

Core  0 register dump:
PC      : 0x400d6218  PS      : 0x00060c30  A0      : 0x800d4d4f  A1      : 0x3ffb4470  
A2      : 0x3ffb01c0  A3      : 0x00000001  A4      : 0x3f4037d8  A5      : 0x00000157  
A6      : 0x3f4034a8  A7      : 0x00000042  A8      : 0x00000000  A9      : 0x00000000  
A10     : 0x3ffb2e90  A11     : 0x3ffb01c0  A12     : 0x3ffb4450  A13     : 0x0000000c  
A14     : 0x00000002  A15     : 0x00000000  SAR     : 0x0000001c  EXCCAUSE: 0x0000001c  
EXCVADDR: 0x00000010  LBEG    : 0x400014fd  LEND    : 0x4000150d  LCOUNT  : 0xfffffffe  


Backtrace: 0x400d6215:0x3ffb4470 0x400d4d4c:0x3ffb4490 0x400d42b3:0x3ffb44e0 0x400d42eb:0x3ffb4500 0x400d3cc6:0x3ffb4520 0x400e4685:0x3ffb4550




ELF file SHA256: b997171f6

Rebooting...
ets Jul 29 2019 12:21:46

rst:0xc (SW_CPU_RESET),boot:0x17 (SPI_FAST_FLASH_BOOT)
configsip: 0, SPIWP:0xee
clk_drv:0x00,q_drv:0x00,d_drv:0x00,cs0_drv:0x00,hd_drv:0x00,wp_drv:0x00
mode:DIO, clock div:2
load:0x3fff0030,len:6376
load:0x40078000,len:15960
load:0x40080400,len:3932
entry 0x40080644
[0;32mI (27) boot: ESP-IDF v6.0-dev-1833-g758939caec-dirty 2nd stage bootloader[0m
[0;32mI (27) boot: compile time Aug 26 2025 17:04:45[0m
[0;32mI (27) boot: Multicore bootloader[0m
[0;32mI (31) boot: chip revision: v3.1[0m
[0;32mI (34) boot.esp32: SPI Speed      : 40MHz[0m
[0;32mI (37) boot.esp32: SPI Mode       : DIO[0m
[0;32mI (41) boot.esp32: SPI Flash Size : 2MB[0m
[0;32mI (45) boot: Enabling RNG early entropy source...[0m
[0;32mI (49) boot: Partition Table:[0m
[0;32mI (52) boot: ## Label            Usage          Type ST Offset   Length[0m
[0;32mI (58) boot:  0 nvs              WiFi data        01 02 00009000 00006000[0m
[0;32mI (64) boot:  1 phy_init         RF data          01 01 0000f000 00001000[0m
[0;32mI (71) boot:  2 factory          factory app      00 00 00010000 00100000[0m
[0;32mI (78) boot: End of partition table[0m
[0;32mI (81) esp_image: segment 0: paddr=00010020 vaddr=3f400020 size=0a04ch ( 41036) map[0m
[0;32mI (103) esp_image: segment 1: paddr=0001a074 vaddr=3ffb0000 size=026c0h (  9920) load[0m
[0;32mI (107) esp_image: segment 2: paddr=0001c73c vaddr=40080000 size=038dch ( 14556) load[0m
[0;32mI (113) esp_image: segment 3: paddr=00020020 vaddr=400d0020 size=16b20h ( 92960) map[0m
[0;32mI (147) esp_image: segment 4: paddr=00036b48 vaddr=400838dc size=097c8h ( 38856) load[0m
[0;32mI (163) esp_image: segment 5: paddr=00040318 vaddr=50000000 size=00024h (    36) load[0m
[0;32mI (170) boot: Loaded app from partition at offset 0x10000[0m
[0;32mI (170) boot: Disabling RNG early entropy source...[0m
[0;32mI (181) cpu_start: Multicore app[0m
[0;32mI (189) cpu_start: GPIO 3 and 1 are used as console UART I/O pins[0m
[0;32mI (190) cpu_start: Pro cpu start user code[0m
[0;32mI (190) cpu_start: cpu freq: 160000000 Hz[0m
[0;32mI (191) app_init: Application information:[0m
[0;32mI (195) app_init: Project name:     hello_world[0m
[0;32mI (199) app_init: App version:      1[0m
[0;32mI (203) app_init: Compile time:     Aug 26 2025 17:04:43[0m
[0;32mI (208) app_init: ELF file SHA256:  b997171f6...[0m
[0;32mI (212) app_init: ESP-IDF:          v6.0-dev-1833-g758939caec-dirty[0m
[0;32mI (218) efuse_init: Min chip rev:     v0.0[0m
[0;32mI (222) efuse_init: Max chip rev:     v3.99 [0m
[0;32mI (226) efuse_init: Chip rev:         v3.1[0m
[0;32mI (230) heap_init: Initializing. RAM available for dynamic allocation:[0m
[0;32mI (236) heap_init: At 3FFAE6E0 len 00001920 (6 KiB): DRAM[0m
[0;32mI (241) heap_init: At 3FFB3230 len 0002CDD0 (179 KiB): DRAM[0m
[0;32mI (246) heap_init: At 3FFE0440 len 00003AE0 (14 KiB): D/IRAM[0m
[0;32mI (252) heap_init: At 3FFE4350 len 0001BCB0 (111 KiB): D/IRAM[0m
[0;32mI (257) heap_init: At 4008D0A4 len 00012F5C (75 KiB): IRAM[0m
[0;32mI (264) spi_flash: detected chip: generic[0m
[0;32mI (266) spi_flash: flash io: dio[0m
[0;33mW (269) spi_flash: Detected size(16384k) larger than the size in the binary image header(2048k). Using the size in the binary image header.[0m
[0;32mI (283) main_task: Started on CPU0[0m
[0;32mI (293) main_task: Calling app_main()[0m
[0;32mI (293) DW3000: HW Init (RESET:3 WAKEUP:2 IRQ:22)[0m
[0;32mI (293) DW3000: SPI Init (MOSI:18 MISO:19 CLK:20 CS:17)[0m
[0;32mI (293) DW3000: HW reset[0m
[0;32mI (323) DECA: Decadriver source: DW3XXX Device Driver Version 08.02.02[0m
[0;32mI (323) DW3000: WAKEUP PIN[0m
[1;31mE (343) DECA: DWT Probe failed[0m
[0;32mI (343) DECA: config CH 9 6.8Mbps PRF 64MHz Plen 64 PAC 8[0m
[0;32mI (343) DECA: config code 11/11 SFD 65[0m
[0;32mI (343) DECA: PRE 66 (SFD 9) PHD 22 12B DATA 19 = 114 us[0m
Guru Meditation Error: Core  0 panic'ed (LoadProhibited). Exception was unhandled.

Core  0 register dump:
PC      : 0x400d6218  PS      : 0x00060c30  A0      : 0x800d4d4f  A1      : 0x3ffb4470  
A2      : 0x3ffb01c0  A3      : 0x00000001  A4      : 0x3f4037d8  A5      : 0x00000157  
A6      : 0x3f4034a8  A7      : 0x00000042  A8      : 0x00000000  A9      : 0x00000000  
A10     : 0x3ffb2e90  A11     : 0x3ffb01c0  A12     : 0x3ffb4450  A13     : 0x0000000c  
A14     : 0x00000002  A15     : 0x00000000  SAR     : 0x0000001c  EXCCAUSE: 0x0000001c  
EXCVADDR: 0x00000010  LBEG    : 0x400014fd  LEND    : 0x4000150d  LCOUNT  : 0xfffffffe  


Backtrace: 0x400d6215:0x3ffb4470 0x400d4d4c:0x3ffb4490 0x400d42b3:0x3ffb44e0 0x400d42eb:0x3ffb4500 0x400d3cc6:0x3ffb4520 0x400e4685:0x3ffb4550




ELF file SHA256: b997171f6

Rebooting...
ets Jul 29 2019 12:21:46

rst:0xc (SW_CPU_RESET),boot:0x17 (SPI_FAST_FLASH_BOOT)
configsip: 0, SPIWP:0xee
clk_drv:0x00,q_drv:0x00,d_drv:0x00,cs0_drv:0x00,hd_drv:0x00,wp_drv:0x00
mode:DIO, clock div:2
load:0x3fff0030,len:6376
load:0x40078000,len:15960
load:0x40080400,len:3932
entry 0x40080644
[0;32mI (27) boot: ESP-IDF v6.0-dev-1833-g758939caec-dirty 2nd stage bootloader[0m
[0;32mI (27) boot: compile time Aug 26 2025 17:04:45[0m
[0;32mI (27) boot: Multicore bootloader[0m
[0;32mI (31) boot: chip revision: v3.1[0m
[0;32mI (34) boot.esp32: SPI Speed      : 40MHz[0m
[0;32mI (37) boot.esp32: SPI Mode       : DIO[0m
[0;32mI (41) boot.esp32: SPI Flash Size : 2MB[0m
[0;32mI (45) boot: Enabling RNG early entropy source...[0m
[0;32mI (49) boot: Partition Table:[0m
[0;32mI (52) boot: ## Label            Usage          Type ST Offset   Length[0m
[0;32mI (58) boot:  0 nvs              WiFi data        01 02 00009000 00006000[0m
[0;32mI (64) boot:  1 phy_init         RF data          01 01 0000f000 00001000[0m
[0;32mI (71) boot:  2 factory          factory app      00 00 00010000 00100000[0m
[0;32mI (78) boot: End of partition table[0m
[0;32mI (81) esp_image: segment 0: paddr=00010020 vaddr=3f400020 size=0a04ch ( 41036) map[0m
[0;32mI (103) esp_image: segment 1: paddr=0001a074 vaddr=3ffb0000 size=026c0h (  9920) load[0m
[0;32mI (107) esp_image: segment 2: paddr=0001c73c vaddr=40080000 size=038dch ( 14556) load[0m
[0;32mI (113) esp_image: segment 3: paddr=00020020 vaddr=400d0020 size=16b20h ( 92960) map[0m
[0;32mI (147) esp_image: segment 4: paddr=00036b48 vaddr=400838dc size=097c8h ( 38856) load[0m
[0;32mI (163) esp_image: segment 5: paddr=00040318 vaddr=50000000 size=00024h (    36) load[0m
[0;32mI (170) boot: Loaded app from partition at offset 0x10000[0m
[0;32mI (170) boot: Disabling RNG early entropy source...[0m
[0;32mI (181) cpu_start: Multicore app[0m
[0;32mI (189) cpu_start: GPIO 3 and 1 are used as console UART I/O pins[0m
[0;32mI (190) cpu_start: Pro cpu start user code[0m
[0;32mI (190) cpu_start: cpu freq: 160000000 Hz[0m
[0;32mI (191) app_init: Application information:[0m
[0;32mI (195) app_init: Project name:     hello_world[0m
[0;32mI (199) app_init: App version:      1[0m
[0;32mI (203) app_init: Compile time:     Aug 26 2025 17:04:43[0m
[0;32mI (208) app_init: ELF file SHA256:  b997171f6...[0m
[0;32mI (212) app_init: ESP-IDF:          v6.0-dev-1833-g758939caec-dirty[0m
[0;32mI (218) efuse_init: Min chip rev:     v0.0[0m
[0;32mI (222) efuse_init: Max chip rev:     v3.99 [0m
[0;32mI (226) efuse_init: Chip rev:         v3.1[0m
[0;32mI (230) heap_init: Initializing. RAM available for dynamic allocation:[0m
[0;32mI (236) heap_init: At 3FFAE6E0 len 00001920 (6 KiB): DRAM[0m
[0;32mI (241) heap_init: At 3FFB3230 len 0002CDD0 (179 KiB): DRAM[0m
[0;32mI (246) heap_init: At 3FFE0440 len 00003AE0 (14 KiB): D/IRAM[0m
[0;32mI (252) heap_init: At 3FFE4350 len 0001BCB0 (111 KiB): D/IRAM[0m
[0;32mI (257) heap_init: At 4008D0A4 len 00012F5C (75 KiB): IRAM[0m
[0;32mI (264) spi_flash: detected chip: generic[0m
[0;32mI (266) spi_flash: flash io: dio[0m
[0;33mW (269) spi_flash: Detected size(16384k) larger than the size in the binary image header(2048k). Using the size in the binary image header.[0m
[0;32mI (283) main_task: Started on CPU0[0m
[0;32mI (293) main_task: Calling app_main()[0m
[0;32mI (293) DW3000: HW Init (RESET:3 WAKEUP:2 IRQ:22)[0m
[0;32mI (293) DW3000: SPI Init (MOSI:18 MISO:19 CLK:20 CS:17)[0m
[0;32mI (293) DW3000: HW reset[0m
[0;32mI (323) DECA: Decadriver source: DW3XXX Device Driver Version 08.02.02[0m
[0;32mI (323) DW3000: WAKEUP PIN[0m
[1;31mE (343) DECA: DWT Probe failed[0m
[0;32mI (343) DECA: config CH 9 6.8Mbps PRF 64MHz Plen 64 PAC 8[0m
[0;32mI (343) DECA: config code 11/11 SFD 65[0m
[0;32mI (343) DECA: PRE 66 (SFD 9) PHD 22 12B DATA 19 = 114 us[0m
Guru Meditation Error: Core  0 panic'ed (LoadProhibited). Exception was unhandled.

Core  0 register dump:
PC      : 0x400d6218  PS      : 0x00060c30  A0      : 0x800d4d4f  A1      : 0x3ffb4470  
A2      : 0x3ffb01c0  A3      : 0x00000001  A4      : 0x3f4037d8  A5      : 0x00000157  
A6      : 0x3f4034a8  A7      : 0x00000042  A8      : 0x00000000  A9      : 0x00000000  
A10     : 0x3ffb2e90  A11     : 0x3ffb01c0  A12     : 0x3ffb4450  A13     : 0x0000000c  
A14     : 0x00000002  A15     : 0x00000000  SAR     : 0x0000001c  EXCCAUSE: 0x0000001c  
EXCVADDR: 0x00000010  LBEG    : 0x400014fd  LEND    : 0x4000150d  LCOUNT  : 0xfffffffe  


Backtrace: 0x400d6215:0x3ffb4470 0x400d4d4c:0x3ffb4490 0x400d42b3:0x3ffb44e0 0x400d42eb:0x3ffb4500 0x400d3cc6:0x3ffb4520 0x400e4685:0x3ffb4550




ELF file SHA256: b997171f6

Rebooting...
ets Jul 29 2019 12:21:46

rst:0xc (SW_CPU_RESET),boot:0x17 (SPI_FAST_FLASH_BOOT)
configsip: 0, SPIWP:0xee
clk_drv:0x00,q_drv:0x00,d_drv:0x00,cs0_drv:0x00,hd_drv:0x00,wp_drv:0x00
mode:DIO, clock div:2
load:0x3fff0030,len:6376
load:0x40078000,len:15960
load:0x40080400,len:3932
entry 0x40080644
[0;32mI (27) boot: ESP-IDF v6.0-dev-1833-g758939caec-dirty 2nd stage bootloader[0m
[0;32mI (27) boot: compile time Aug 26 2025 17:04:45[0m
[0;32mI (27) boot: Multicore bootloader[0m
[0;32mI (31) boot: chip revision: v3.1[0m
[0;32mI (34) boot.esp32: SPI Speed      : 40MHz[0m
[0;32mI (37) boot.esp32: SPI Mode       : DIO[0m
[0;32mI (41) boot.esp32: SPI Flash Size : 2MB[0m
[0;32mI (45) boot: Enabling RNG early entropy source...[0m
[0;32mI (49) boot: Partition Table:[0m
[0;32mI (52) boot: ## Label            Usage          Type ST Offset   Length[0m
[0;32mI (58) boot:  0 nvs              WiFi data        01 02 00009000 00006000[0m
[0;32mI (64) boot:  1 phy_init         RF data          01 01 0000f000 00001000[0m
[0;32mI (71) boot:  2 factory          factory app      00 00 00010000 00100000[0m
[0;32mI (78) boot: End of partition table[0m
[0;32mI (81) esp_image: segment 0: paddr=00010020 vaddr=3f400020 size=0a04ch ( 41036) map[0m
[0;32mI (103) esp_image: segment 1: paddr=0001a074 vaddr=3ffb0000 size=026c0h (  9920) load[0m
[0;32mI (107) esp_image: segment 2: paddr=0001c73c vaddr=40080000 size=038dch ( 14556) load[0m
[0;32mI (113) esp_image: segment 3: paddr=00020020 vaddr=400d0020 size=16b20h ( 92960) map[0m
[0;32mI (147) esp_image: segment 4: paddr=00036b48 vaddr=400838dc size=097c8h ( 38856) load[0m
[0;32mI (163) esp_image: segment 5: paddr=00040318 vaddr=50000000 size=00024h (    36) load[0m
[0;32mI (170) boot: Loaded app from partition at offset 0x10000[0m
[0;32mI (170) boot: Disabling RNG early entropy source...[0m
[0;32mI (181) cpu_start: Multicore app[0m
[0;32mI (189) cpu_start: GPIO 3 and 1 are used as console UART I/O pins[0m
[0;32mI (190) cpu_start: Pro cpu start user code[0m
[0;32mI (190) cpu_start: cpu freq: 160000000 Hz[0m
[0;32mI (191) app_init: Application information:[0m
[0;32mI (195) app_init: Project name:     hello_world[0m
[0;32mI (199) app_init: App version:      1[0m
[0;32mI (203) app_init: Compile time:     Aug 26 2025 17:04:43[0m
[0;32mI (208) app_init: ELF file SHA256:  b997171f6...[0m
[0;32mI (212) app_init: ESP-IDF:          v6.0-dev-1833-g758939caec-dirty[0m
[0;32mI (218) efuse_init: Min chip rev:     v0.0[0m
[0;32mI (222) efuse_init: Max chip rev:     v3.99 [0m
[0;32mI (226) efuse_init: Chip rev:         v3.1[0m
[0;32mI (230) heap_init: Initializing. RAM available for dynamic allocation:[0m
[0;32mI (236) heap_init: At 3FFAE6E0 len 00001920 (6 KiB): DRAM[0m
[0;32mI (241) heap_init: At 3FFB3230 len 0002CDD0 (179 KiB): DRAM[0m
[0;32mI (247) heap_init: At 3FFE0440 len 00003AE0 (14 KiB): D/IRAM[0m
[0;32mI (252) heap_init: At 3FFE4350 len 0001BCB0 (111 KiB): D/IRAM[0m
[0;32mI (257) heap_init: At 4008D0A4 len 00012F5C (75 KiB): IRAM[0m
[0;32mI (264) spi_flash: detected chip: generic[0m
[0;32mI (266) spi_flash: flash io: dio[0m
[0;33mW (269) spi_flash: Detected size(16384k) larger than the size in the binary image header(2048k). Using the size in the binary image header.[0m
[0;32mI (283) main_task: Started on CPU0[0m
[0;32mI (293) main_task: Calling app_main()[0m
[0;32mI (293) DW3000: HW Init (RESET:3 WAKEUP:2 IRQ:22)[0m
[0;32mI (293) DW3000: SPI Init (MOSI:18 MISO:19 CLK:20 CS:17)[0m
[0;32mI (293) DW3000: HW reset[0m
[0;32mI (323) DECA: Decadriver source: DW3XXX Device Driver Version 08.02.02[0m
[0;32mI (323) DW3000: WAKEUP PIN[0m
[1;31mE (343) DECA: DWT Probe failed[0m
[0;32mI (343) DECA: config CH 9 6.8Mbps PRF 64MHz Plen 64 PAC 8[0m
[0;32mI (343) DECA: config code 11/11 SFD 65[0m
[0;32mI (343) DECA: PRE 66 (SFD 9) PHD 22 12B DATA 19 = 114 us[0m
Guru Meditation Error: Core  0 panic'ed (LoadProhibited). Exception was unhandled.

Core  0 register dump:
PC      : 0x400d6218  PS      : 0x00060c30  A0      : 0x800d4d4f  A1      : 0x3ffb4470  
A2      : 0x3ffb01c0  A3      : 0x00000001  A4      : 0x3f4037d8  A5      : 0x00000157  
A6      : 0x3f4034a8  A7      : 0x00000042  A8      : 0x00000000  A9      : 0x00000000  
A10     : 0x3ffb2e90  A11     : 0x3ffb01c0  A12     : 0x3ffb4450  A13     : 0x0000000c  
A14     : 0x00000002  A15     : 0x00000000  SAR     : 0x0000001c  EXCCAUSE: 0x0000001c  
EXCVADDR: 0x00000010  LBEG    : 0x400014fd  LEND    : 0x4000150d  LCOUNT  : 0xfffffffe  


Backtrace: 0x400d6215:0x3ffb4470 0x400d4d4c:0x3ffb4490 0x400d42b3:0x3ffb44e0 0x400d42eb:0x3ffb4500 0x400d3cc6:0x3ffb4520 0x400e4685:0x3ffb4550




ELF file SHA256: b997171f6

Rebooting...
ets Jul 29 2019 12:21:46

rst:0xc (SW_CPU_RESET),boot:0x17 (SPI_FAST_FLASH_BOOT)
configsip: 0, SPIWP:0xee
clk_drv:0x00,q_drv:0x00,d_drv:0x00,cs0_drv:0x00,hd_drv:0x00,wp_drv:0x00
mode:DIO, clock div:2
load:0x3fff0030,len:6376
load:0x40078000,len:15960
load:0x40080400,len:3932
entry 0x40080644
[0;32mI (27) boot: ESP-IDF v6.0-dev-1833-g758939caec-dirty 2nd stage bootloader[0m
[0;32mI (27) boot: compile time Aug 26 2025 17:04:45[0m
[0;32mI (27) boot: Multicore bootloader[0m
[0;32mI (31) boot: chip revision: v3.1[0m
[0;32mI (34) boot.esp32: SPI Speed      : 40MHz[0m
[0;32mI (37) boot.esp32: SPI Mode       : DIO[0m
[0;32mI (41) boot.esp32: SPI Flash Size : 2MB[0m
[0;32mI (45) boot: Enabling RNG early entropy source...[0m
[0;32mI (49) boot: Partition Table:[0m
[0;32mI (52) boot: ## Label            Usage          Type ST Offset   Length[0m
[0;32mI (58) boot:  0 nvs              WiFi data        01 02 00009000 00006000[0m
[0;32mI (64) boot:  1 phy_init         RF data          01 01 0000f000 00001000[0m
[0;32mI (71) boot:  2 factory          factory app      00 00 00010000 00100000[0m
[0;32mI (78) boot: End of partition table[0m
[0;32mI (81) esp_image: segment 0: paddr=00010020 vaddr=3f400020 size=0a04ch ( 41036) map[0m
[0;32mI (103) esp_image: segment 1: paddr=0001a074 vaddr=3ffb0000 size=026c0h (  9920) load[0m
[0;32mI (107) esp_image: segment 2: paddr=0001c73c vaddr=40080000 size=038dch ( 14556) load[0m
[0;32mI (113) esp_image: segment 3: paddr=00020020 vaddr=400d0020 size=16b20h ( 92960) map[0m
[0;32mI (147) esp_image: segment 4: paddr=00036b48 vaddr=400838dc size=097c8h ( 38856) load[0m
[0;32mI (163) esp_image: segment 5: paddr=00040318 vaddr=50000000 size=00024h (    36) load[0m
[0;32mI (170) boot: Loaded app from partition at offset 0x10000[0m
[0;32mI (170) boot: Disabling RNG early entropy source...[0m
[0;32mI (181) cpu_start: Multicore app[0m
[0;32mI (189) cpu_start: GPIO 3 and 1 are used as console UART I/O pins[0m
[0;32mI (190) cpu_start: Pro cpu start user code[0m
[0;32mI (190) cpu_start: cpu freq: 160000000 Hz[0m
[0;32mI (191) app_init: Application information:[0m
[0;32mI (195) app_init: Project name:     hello_world[0m
[0;32mI (199) app_init: App version:      1[0m
[0;32mI (203) app_init: Compile time:     Aug 26 2025 17:04:43[0m
[0;32mI (208) app_init: ELF file SHA256:  b997171f6...[0m
[0;32mI (212) app_init: ESP-IDF:          v6.0-dev-1833-g758939caec-dirty[0m
[0;32mI (218) efuse_init: Min chip rev:     v0.0[0m
[0;32mI (222) efuse_init: Max chip rev:     v3.99 [0m
[0;32mI (226) efuse_init: Chip rev:         v3.1[0m
[0;32mI (230) heap_init: Initializing. RAM available for dynamic allocation:[0m
[0;32mI (236) heap_init: At 3FFAE6E0 len 00001920 (6 KiB): DRAM[0m
[0;32mI (241) heap_init: At 3FFB3230 len 0002CDD0 (179 KiB): DRAM[0m
[0;32mI (247) heap_init: At 3FFE0440 len 00003AE0 (14 KiB): D/IRAM[0m
[0;32mI (252) heap_init: At 3FFE4350 len 0001BCB0 (111 KiB): D/IRAM[0m
[0;32mI (257) heap_init: At 4008D0A4 len 00012F5C (75 KiB): IRAM[0m
[0;32mI (264) spi_flash: detected chip: generic[0m
[0;32mI (266) spi_flash: flash io: dio[0m
[0;33mW (269) spi_flash: Detected size(16384k) larger than the size in the binary image header(2048k). Using the size in the binary image header.[0m
[0;32mI (283) main_task: Started on CPU0[0m
[0;32mI (293) main_task: Calling app_main()[0m
[0;32mI (293) DW3000: HW Init (RESET:3 WAKEUP:2 IRQ:22)[0m
[0;32mI (293) DW3000: SPI Init (MOSI:18 MISO:19 CLK:20 CS:17)[0m
[0;32mI (293) DW3000: HW reset[0m
[0;32mI (323) DECA: Decadriver source: DW3XXX Device Driver Version 08.02.02[0m
[0;32mI (323) DW3000: WAKEUP PIN[0m
[1;31mE (343) DECA: DWT Probe failed[0m
[0;32mI (343) DECA: config CH 9 6.8Mbps PRF 64MHz Plen 64 PAC 8[0m
[0;32mI (343) DECA: config code 11/11 SFD 65[0m
[0;32mI (343) DECA: PRE 66 (SFD 9) PHD 22 12B DATA 19 = 114 us[0m
Guru Meditation Error: Core  0 panic'ed (LoadProhibited). Exception was unhandled.

Core  0 register dump:
PC      : 0x400d6218  PS      : 0x00060c30  A0      : 0x800d4d4f  A1      : 0x3ffb4470  
A2      : 0x3ffb01c0  A3      : 0x00000001  A4      : 0x3f4037d8  A5      : 0x00000157  
A6      : 0x3f4034a8  A7      : 0x00000042  A8      : 0x00000000  A9      : 0x00000000  
A10     : 0x3ffb2e90  A11     : 0x3ffb01c0  A12     : 0x3ffb4450  A13     : 0x0000000c  
A14     : 0x00000002  A15     : 0x00000000  SAR     : 0x0000001c  EXCCAUSE: 0x0000001c  
EXCVADDR: 0x00000010  LBEG    : 0x400014fd  LEND    : 0x4000150d  LCOUNT  : 0xfffffffe  


Backtrace: 0x400d6215:0x3ffb4470 0x400d4d4c:0x3ffb4490 0x400d42b3:0x3ffb44e0 0x400d42eb:0x3ffb4500 0x400d3cc6:0x3ffb4520 0x400e4685:0x3ffb4550




ELF file SHA256: b997171f6

Rebooting...
ets Jul 29 2019 12:21:46

rst:0xc (SW_CPU_RESET),boot:0x17 (SPI_FAST_FLASH_BOOT)
configsip: 0, SPIWP:0xee
clk_drv:0x00,q_drv:0x00,d_drv:0x00,cs0_drv:0x00,hd_drv:0x00,wp_drv:0x00
mode:DIO, clock div:2
load:0x3fff0030,len:6376
load:0x40078000,len:15960
load:0x40080400,len:3932
entry 0x40080644
[0;32mI (27) boot: ESP-IDF v6.0-dev-1833-g758939caec-dirty 2nd stage bootloader[0m
[0;32mI (27) boot: compile time Aug 26 2025 17:04:45[0m
[0;32mI (27) boot: Multicore bootloader[0m
[0;32mI (31) boot: chip revision: v3.1[0m
[0;32mI (34) boot.esp32: SPI Speed      : 40MHz[0m
[0;32mI (37) boot.esp32: SPI Mode       : DIO[0m
[0;32mI (41) boot.esp32: SPI Flash Size : 2MB[0m
[0;32mI (45) boot: Enabling RNG early entropy source...[0m
[0;32mI (49) boot: Partition Table:[0m
[0;32mI (52) boot: ## Label            Usage          Type ST Offset   Length[0m
[0;32mI (58) boot:  0 nvs              WiFi data        01 02 00009000 00006000[0m
[0;32mI (64) boot:  1 phy_init         RF data          01 01 0000f000 00001000[0m
[0;32mI (71) boot:  2 factory          factory app      00 00 00010000 00100000[0m
[0;32mI (78) boot: End of partition table[0m
[0;32mI (81) esp_image: segment 0: paddr=00010020 vaddr=3f400020 size=0a04ch ( 41036) map[0m
[0;32mI (103) esp_image: segment 1: paddr=0001a074 vaddr=3ffb0000 size=026c0h (  9920) load[0m
[0;32mI (107) esp_image: segment 2: paddr=0001c73c vaddr=40080000 size=038dch ( 14556) load[0m
[0;32mI (113) esp_image: segment 3: paddr=00020020 vaddr=400d0020 size=16b20h ( 92960) map[0m
[0;32mI (147) esp_image: segment 4: paddr=00036b48 vaddr=400838dc size=097c8h ( 38856) load[0m
[0;32mI (163) esp_image: segment 5: paddr=00040318 vaddr=50000000 size=00024h (    36) load[0m
[0;32mI (170) boot: Loaded app from partition at offset 0x10000[0m
[0;32mI (170) boot: Disabling RNG early entropy source...[0m
[0;32mI (181) cpu_start: Multicore app[0m
[0;32mI (189) cpu_start: GPIO 3 and 1 are used as console UART I/O pins[0m
[0;32mI (190) cpu_start: Pro cpu start user code[0m
[0;32mI (190) cpu_start: cpu freq: 160000000 Hz[0m
[0;32mI (191) app_init: Application information:[0m
[0;32mI (195) app_init: Project name:     hello_world[0m
[0;32mI (199) app_init: App version:      1[0m
[0;32mI (203) app_init: Compile time:     Aug 26 2025 17:04:43[0m
[0;32mI (208) app_init: ELF file SHA256:  b997171f6...[0m
[0;32mI (212) app_init: ESP-IDF:          v6.0-dev-1833-g758939caec-dirty[0m
[0;32mI (218) efuse_init: Min chip rev:     v0.0[0m
[0;32mI (222) efuse_init: Max chip rev:     v3.99 [0m
[0;32mI (226) efuse_init: Chip rev:         v3.1[0m
[0;32mI (230) heap_init: Initializing. RAM available for dynamic allocation:[0m
[0;32mI (236) heap_init: At 3FFAE6E0 len 00001920 (6 KiB): DRAM[0m
[0;32mI (241) heap_init: At 3FFB3230 len 0002CDD0 (179 KiB): DRAM[0m
[0;32mI (246) heap_init: At 3FFE0440 len 00003AE0 (14 KiB): D/IRAM[0m
[0;32mI (252) heap_init: At 3FFE4350 len 0001BCB0 (111 KiB): D/IRAM[0m
[0;32mI (257) heap_init: At 4008D0A4 len 00012F5C (75 KiB): IRAM[0m
[0;32mI (264) spi_flash: detected chip: generic[0m
[0;32mI (266) spi_flash: flash io: dio[0m
[0;33mW (269) spi_flash: Detected size(16384k) larger than the size in the binary image header(2048k). Using the size in the binary image header.[0m
[0;32mI (283) main_task: Started on CPU0[0m
[0;32mI (293) main_task: Calling app_main()[0m
[0;32mI (293) DW3000: HW Init (RESET:3 WAKEUP:2 IRQ:22)[0m
[0;32mI (293) DW3000: SPI Init (MOSI:18 MISO:19 CLK:20 CS:17)[0m
[0;32mI (293) DW3000: HW reset[0m
[0;32mI (323) DECA: Decadriver source: DW3XXX Device Driver Version 08.02.02[0m
[0;32mI (323) DW3000: WAKEUP PIN[0m
[1;31mE (343) DECA: DWT Probe failed[0m
[0;32mI (343) DECA: config CH 9 6.8Mbps PRF 64MHz Plen 64 PAC 8[0m
[0;32mI (343) DECA: config code 11/11 SFD 65[0m
[0;32mI (343) DECA: PRE 66 (SFD 9) PHD 22 12B DATA 19 = 114 us[0m
Guru Meditation Error: Core  0 panic'ed (LoadProhibited). Exception was unhandled.

Core  0 register dump:
PC      : 0x400d6218  PS      : 0x00060c30  A0      : 0x800d4d4f  A1      : 0x3ffb4470  
A2      : 0x3ffb01c0  A3      : 0x00000001  A4      : 0x3f4037d8  A5      : 0x00000157  
A6      : 0x3f4034a8  A7      : 0x00000042  A8      : 0x00000000  A9      : 0x00000000  
A10     : 0x3ffb2e90  A11     : 0x3ffb01c0  A12     : 0x3ffb4450  A13     : 0x0000000c  
A14     : 0x00000002  A15     : 0x00000000  SAR     : 0x0000001c  EXCCAUSE: 0x0000001c  
EXCVADDR: 0x00000010  LBEG    : 0x400014fd  LEND    : 0x4000150d  LCOUNT  : 0xfffffffe  


Backtrace: 0x400d6215:0x3ffb4470 0x400d4d4c:0x3ffb4490 0x400d42b3:0x3ffb44e0 0x400d42eb:0x3ffb4500 0x400d3cc6:0x3ffb4520 0x400e4685:0x3ffb4550




ELF file SHA256: b997171f6

Rebooting...
ets Jul 29 2019 12:21:46

rst:0xc (SW_CPU_RESET),boot:0x17 (SPI_FAST_FLASH_BOOT)
configsip: 0, SPIWP:0xee
clk_drv:0x00,q_drv:0x00,d_drv:0x00,cs0_drv:0x00,hd_drv:0x00,wp_drv:0x00
mode:DIO, clock div:2
load:0x3fff0030,len:6376
load:0x40078000,len:15960
load:0x40080400,len:3932
entry 0x40080644
[0;32mI (27) boot: ESP-IDF v6.0-dev-1833-g758939caec-dirty 2nd stage bootloader[0m
[0;32mI (27) boot: compile time Aug 26 2025 17:04:45[0m
[0;32mI (27) boot: Multicore bootloader[0m
[0;32mI (31) boot: chip revision: v3.1[0m
[0;32mI (34) boot.esp32: SPI Speed      : 40MHz[0m
[0;32mI (37) boot.esp32: SPI Mode       : DIO[0m
[0;32mI (41) boot.esp32: SPI Flash Size : 2MB[0m
[0;32mI (45) boot: Enabling RNG early entropy source...[0m
[0;32mI (49) boot: Partition Table:[0m
[0;32mI (52) boot: ## Label            Usage          Type ST Offset   Length[0m
[0;32mI (58) boot:  0 nvs              WiFi data        01 02 00009000 00006000[0m
[0;32mI (64) boot:  1 phy_init         RF data          01 01 0000f000 00001000[0m
[0;32mI (71) boot:  2 factory          factory app      00 00 00010000 00100000[0m
[0;32mI (78) boot: End of partition table[0m
[0;32mI (81) esp_image: segment 0: paddr=00010020 vaddr=3f400020 size=0a04ch ( 41036) map[0m
[0;32mI (103) esp_image: segment 1: paddr=0001a074 vaddr=3ffb0000 size=026c0h (  9920) load[0m
[0;32mI (107) esp_image: segment 2: paddr=0001c73c vaddr=40080000 size=038dch ( 14556) load[0m
[0;32mI (113) esp_image: segment 3: paddr=00020020 vaddr=400d0020 size=16b20h ( 92960) map[0m
[0;32mI (147) esp_image: segment 4: paddr=00036b48 vaddr=400838dc size=097c8h ( 38856) load[0m
[0;32mI (163) esp_image: segment 5: paddr=00040318 vaddr=50000000 size=00024h (    36) load[0m
[0;32mI (170) boot: Loaded app from partition at offset 0x10000[0m
[0;32mI (170) boot: Disabling RNG early entropy source...[0m
[0;32mI (181) cpu_start: Multicore app[0m
[0;32mI (189) cpu_start: GPIO 3 and 1 are used as console UART I/O pins[0m
[0;32mI (190) cpu_start: Pro cpu start user code[0m
[0;32mI (190) cpu_start: cpu freq: 160000000 Hz[0m
[0;32mI (191) app_init: Application information:[0m
[0;32mI (195) app_init: Project name:     hello_world[0m
[0;32mI (199) app_init: App version:      1[0m
[0;32mI (203) app_init: Compile time:     Aug 26 2025 17:04:43[0m
[0;32mI (208) app_init: ELF file SHA256:  b997171f6...[0m
[0;32mI (212) app_init: ESP-IDF:          v6.0-dev-1833-g758939caec-dirty[0m
[0;32mI (218) efuse_init: Min chip rev:     v0.0[0m
